2025-11-24T07:57:15.669-05:00  INFO 17120 --- [GestorOdontologico] [JavaFX-Launcher] o.s.boot.SpringApplication               : Starting application using Java 17.0.16 with PID 17120 (started by brayan in C:\Brayan_POO\C2-G2BRAYAN\GestordecitasOdontologico)
2025-11-24T07:57:15.681-05:00  INFO 17120 --- [GestorOdontologico] [JavaFX-Launcher] o.s.boot.SpringApplication               : No active profile set, falling back to 1 default profile: "default"
2025-11-24T07:57:18.166-05:00  INFO 17120 --- [GestorOdontologico] [JavaFX-Launcher] .s.d.r.c.RepositoryConfigurationDelegate : Bootstrapping Spring Data JPA repositories in DEFAULT mode.
2025-11-24T07:57:18.339-05:00  INFO 17120 --- [GestorOdontologico] [JavaFX-Launcher] .s.d.r.c.RepositoryConfigurationDelegate : Finished Spring Data repository scanning in 151 ms. Found 6 JPA repository interfaces.
2025-11-24T07:57:18.956-05:00  INFO 17120 --- [GestorOdontologico] [JavaFX-Launcher] o.hibernate.jpa.internal.util.LogHelper  : HHH000204: Processing PersistenceUnitInfo [name: default]
2025-11-24T07:57:19.108-05:00  INFO 17120 --- [GestorOdontologico] [JavaFX-Launcher] org.hibernate.Version                    : HHH000412: Hibernate ORM core version 6.6.29.Final
2025-11-24T07:57:19.189-05:00  INFO 17120 --- [GestorOdontologico] [JavaFX-Launcher] o.h.c.internal.RegionFactoryInitiator    : HHH000026: Second-level cache disabled
2025-11-24T07:57:19.984-05:00  INFO 17120 --- [GestorOdontologico] [JavaFX-Launcher] o.s.o.j.p.SpringPersistenceUnitInfo      : No LoadTimeWeaver setup: ignoring JPA class transformer
2025-11-24T07:57:20.061-05:00  INFO 17120 --- [GestorOdontologico] [JavaFX-Launcher] com.zaxxer.hikari.HikariDataSource       : HikariPool-1 - Starting...
2025-11-24T07:57:20.355-05:00  INFO 17120 --- [GestorOdontologico] [JavaFX-Launcher] com.zaxxer.hikari.pool.HikariPool        : HikariPool-1 - Added connection org.sqlite.jdbc4.JDBC4Connection@4d47128
2025-11-24T07:57:20.358-05:00  INFO 17120 --- [GestorOdontologico] [JavaFX-Launcher] com.zaxxer.hikari.HikariDataSource       : HikariPool-1 - Start completed.
2025-11-24T07:57:20.443-05:00  INFO 17120 --- [GestorOdontologico] [JavaFX-Launcher] org.hibernate.orm.connections.pooling    : HHH10001005: Database info:
	Database JDBC URL [Connecting through datasource 'HikariDataSource (HikariPool-1)']
	Database driver: undefined/unknown
	Database version: 3.46
	Autocommit mode: undefined/unknown
	Isolation level: undefined/unknown
	Minimum pool size: undefined/unknown
	Maximum pool size: undefined/unknown
2025-11-24T07:57:22.571-05:00  INFO 17120 --- [GestorOdontologico] [JavaFX-Launcher] o.h.e.t.j.p.i.JtaPlatformInitiator       : HHH000489: No JTA platform available (set 'hibernate.transaction.jta.platform' to enable JTA platform integration)
2025-11-24T07:57:22.643-05:00  INFO 17120 --- [GestorOdontologico] [JavaFX-Launcher] j.LocalContainerEntityManagerFactoryBean : Initialized JPA EntityManagerFactory for persistence unit 'default'
2025-11-24T07:57:23.333-05:00  INFO 17120 --- [GestorOdontologico] [JavaFX-Launcher] o.s.d.j.r.query.QueryEnhancerFactory     : Hibernate is in classpath; If applicable, HQL parser will be used.
2025-11-24T07:57:23.625-05:00  INFO 17120 --- [GestorOdontologico] [JavaFX-Launcher] o.s.boot.SpringApplication               : Started application in 9.262 seconds (process running for 14.336)
2025-11-24T07:57:51.598-05:00  INFO 17120 --- [GestorOdontologico] [JavaFX Application Thread] j.LocalContainerEntityManagerFactoryBean : Closing JPA EntityManagerFactory for persistence unit 'default'
2025-11-24T07:57:51.604-05:00  INFO 17120 --- [GestorOdontologico] [JavaFX Application Thread] com.zaxxer.hikari.HikariDataSource       : HikariPool-1 - Shutdown initiated...
2025-11-24T07:57:51.610-05:00  INFO 17120 --- [GestorOdontologico] [JavaFX Application Thread] com.zaxxer.hikari.HikariDataSource       : HikariPool-1 - Shutdown completed.
2025-11-24T07:58:12.049-05:00  INFO 5452 --- [GestorOdontologico] [JavaFX-Launcher] o.s.boot.SpringApplication               : Starting application using Java 17.0.16 with PID 5452 (started by brayan in C:\Brayan_POO\C2-G2BRAYAN\GestordecitasOdontologico)
2025-11-24T07:58:12.053-05:00  INFO 5452 --- [GestorOdontologico] [JavaFX-Launcher] o.s.boot.SpringApplication               : No active profile set, falling back to 1 default profile: "default"
2025-11-24T07:58:13.196-05:00  INFO 5452 --- [GestorOdontologico] [JavaFX-Launcher] .s.d.r.c.RepositoryConfigurationDelegate : Bootstrapping Spring Data JPA repositories in DEFAULT mode.
2025-11-24T07:58:13.341-05:00  INFO 5452 --- [GestorOdontologico] [JavaFX-Launcher] .s.d.r.c.RepositoryConfigurationDelegate : Finished Spring Data repository scanning in 131 ms. Found 6 JPA repository interfaces.
2025-11-24T07:58:13.859-05:00  INFO 5452 --- [GestorOdontologico] [JavaFX-Launcher] o.hibernate.jpa.internal.util.LogHelper  : HHH000204: Processing PersistenceUnitInfo [name: default]
2025-11-24T07:58:13.958-05:00  INFO 5452 --- [GestorOdontologico] [JavaFX-Launcher] org.hibernate.Version                    : HHH000412: Hibernate ORM core version 6.6.29.Final
2025-11-24T07:58:14.033-05:00  INFO 5452 --- [GestorOdontologico] [JavaFX-Launcher] o.h.c.internal.RegionFactoryInitiator    : HHH000026: Second-level cache disabled
2025-11-24T07:58:14.759-05:00  INFO 5452 --- [GestorOdontologico] [JavaFX-Launcher] o.s.o.j.p.SpringPersistenceUnitInfo      : No LoadTimeWeaver setup: ignoring JPA class transformer
2025-11-24T07:58:14.814-05:00  INFO 5452 --- [GestorOdontologico] [JavaFX-Launcher] com.zaxxer.hikari.HikariDataSource       : HikariPool-1 - Starting...
2025-11-24T07:58:15.099-05:00  INFO 5452 --- [GestorOdontologico] [JavaFX-Launcher] com.zaxxer.hikari.pool.HikariPool        : HikariPool-1 - Added connection org.sqlite.jdbc4.JDBC4Connection@61be8325
2025-11-24T07:58:15.103-05:00  INFO 5452 --- [GestorOdontologico] [JavaFX-Launcher] com.zaxxer.hikari.HikariDataSource       : HikariPool-1 - Start completed.
2025-11-24T07:58:15.188-05:00  INFO 5452 --- [GestorOdontologico] [JavaFX-Launcher] org.hibernate.orm.connections.pooling    : HHH10001005: Database info:
	Database JDBC URL [Connecting through datasource 'HikariDataSource (HikariPool-1)']
	Database driver: undefined/unknown
	Database version: 3.46
	Autocommit mode: undefined/unknown
	Isolation level: undefined/unknown
	Minimum pool size: undefined/unknown
	Maximum pool size: undefined/unknown
2025-11-24T07:58:17.100-05:00  INFO 5452 --- [GestorOdontologico] [JavaFX-Launcher] o.h.e.t.j.p.i.JtaPlatformInitiator       : HHH000489: No JTA platform available (set 'hibernate.transaction.jta.platform' to enable JTA platform integration)
2025-11-24T07:58:17.182-05:00  INFO 5452 --- [GestorOdontologico] [JavaFX-Launcher] j.LocalContainerEntityManagerFactoryBean : Initialized JPA EntityManagerFactory for persistence unit 'default'
2025-11-24T07:58:17.787-05:00  INFO 5452 --- [GestorOdontologico] [JavaFX-Launcher] o.s.d.j.r.query.QueryEnhancerFactory     : Hibernate is in classpath; If applicable, HQL parser will be used.
2025-11-24T07:58:18.050-05:00  INFO 5452 --- [GestorOdontologico] [JavaFX-Launcher] o.s.boot.SpringApplication               : Started application in 7.037 seconds (process running for 8.441)
2025-11-24T08:04:17.946-05:00  INFO 5452 --- [GestorOdontologico] [SpringApplicationShutdownHook] j.LocalContainerEntityManagerFactoryBean : Closing JPA EntityManagerFactory for persistence unit 'default'
2025-11-24T08:04:17.961-05:00  INFO 5452 --- [GestorOdontologico] [SpringApplicationShutdownHook] com.zaxxer.hikari.HikariDataSource       : HikariPool-1 - Shutdown initiated...
2025-11-24T08:04:17.977-05:00  INFO 5452 --- [GestorOdontologico] [SpringApplicationShutdownHook] com.zaxxer.hikari.HikariDataSource       : HikariPool-1 - Shutdown completed.
2025-11-24T09:15:14.646-05:00  INFO 17852 --- [GestorOdontologico] [JavaFX-Launcher] o.s.boot.SpringApplication               : Starting application using Java 17.0.16 with PID 17852 (started by brayan in C:\Brayan_POO\C2-G2BRAYAN\GestordecitasOdontologicoFi\GestordecitasOdontologicoFi)
2025-11-24T09:15:14.656-05:00  INFO 17852 --- [GestorOdontologico] [JavaFX-Launcher] o.s.boot.SpringApplication               : No active profile set, falling back to 1 default profile: "default"
2025-11-24T09:15:16.535-05:00  INFO 17852 --- [GestorOdontologico] [JavaFX-Launcher] .s.d.r.c.RepositoryConfigurationDelegate : Bootstrapping Spring Data JPA repositories in DEFAULT mode.
2025-11-24T09:15:16.705-05:00  INFO 17852 --- [GestorOdontologico] [JavaFX-Launcher] .s.d.r.c.RepositoryConfigurationDelegate : Finished Spring Data repository scanning in 149 ms. Found 6 JPA repository interfaces.
2025-11-24T09:15:17.476-05:00  INFO 17852 --- [GestorOdontologico] [JavaFX-Launcher] o.hibernate.jpa.internal.util.LogHelper  : HHH000204: Processing PersistenceUnitInfo [name: default]
2025-11-24T09:15:17.614-05:00  INFO 17852 --- [GestorOdontologico] [JavaFX-Launcher] org.hibernate.Version                    : HHH000412: Hibernate ORM core version 6.6.29.Final
2025-11-24T09:15:17.701-05:00  INFO 17852 --- [GestorOdontologico] [JavaFX-Launcher] o.h.c.internal.RegionFactoryInitiator    : HHH000026: Second-level cache disabled
2025-11-24T09:15:18.292-05:00  INFO 17852 --- [GestorOdontologico] [JavaFX-Launcher] o.s.o.j.p.SpringPersistenceUnitInfo      : No LoadTimeWeaver setup: ignoring JPA class transformer
2025-11-24T09:15:18.373-05:00  INFO 17852 --- [GestorOdontologico] [JavaFX-Launcher] com.zaxxer.hikari.HikariDataSource       : HikariPool-1 - Starting...
2025-11-24T09:15:18.675-05:00  INFO 17852 --- [GestorOdontologico] [JavaFX-Launcher] com.zaxxer.hikari.pool.HikariPool        : HikariPool-1 - Added connection org.sqlite.jdbc4.JDBC4Connection@8b58c79
2025-11-24T09:15:18.680-05:00  INFO 17852 --- [GestorOdontologico] [JavaFX-Launcher] com.zaxxer.hikari.HikariDataSource       : HikariPool-1 - Start completed.
2025-11-24T09:15:18.787-05:00  INFO 17852 --- [GestorOdontologico] [JavaFX-Launcher] org.hibernate.orm.connections.pooling    : HHH10001005: Database info:
	Database JDBC URL [Connecting through datasource 'HikariDataSource (HikariPool-1)']
	Database driver: undefined/unknown
	Database version: 3.46
	Autocommit mode: undefined/unknown
	Isolation level: undefined/unknown
	Minimum pool size: undefined/unknown
	Maximum pool size: undefined/unknown
2025-11-24T09:15:20.578-05:00  INFO 17852 --- [GestorOdontologico] [JavaFX-Launcher] o.h.e.t.j.p.i.JtaPlatformInitiator       : HHH000489: No JTA platform available (set 'hibernate.transaction.jta.platform' to enable JTA platform integration)
2025-11-24T09:15:20.657-05:00  INFO 17852 --- [GestorOdontologico] [JavaFX-Launcher] j.LocalContainerEntityManagerFactoryBean : Initialized JPA EntityManagerFactory for persistence unit 'default'
2025-11-24T09:15:21.443-05:00  INFO 17852 --- [GestorOdontologico] [JavaFX-Launcher] o.s.d.j.r.query.QueryEnhancerFactory     : Hibernate is in classpath; If applicable, HQL parser will be used.
2025-11-24T09:15:21.744-05:00  INFO 17852 --- [GestorOdontologico] [JavaFX-Launcher] o.s.boot.SpringApplication               : Started application in 8.042 seconds (process running for 10.931)
2025-11-24T09:19:16.200-05:00  INFO 17852 --- [GestorOdontologico] [SpringApplicationShutdownHook] j.LocalContainerEntityManagerFactoryBean : Closing JPA EntityManagerFactory for persistence unit 'default'
2025-11-24T09:19:16.209-05:00  INFO 17852 --- [GestorOdontologico] [SpringApplicationShutdownHook] com.zaxxer.hikari.HikariDataSource       : HikariPool-1 - Shutdown initiated...
2025-11-24T09:19:16.217-05:00  INFO 17852 --- [GestorOdontologico] [SpringApplicationShutdownHook] com.zaxxer.hikari.HikariDataSource       : HikariPool-1 - Shutdown completed.
2025-11-24T09:19:24.858-05:00  INFO 21556 --- [GestorOdontologico] [JavaFX-Launcher] o.s.boot.SpringApplication               : Starting application using Java 17.0.16 with PID 21556 (started by brayan in C:\Brayan_POO\C2-G2BRAYAN\GestordecitasOdontologicoFi\GestordecitasOdontologicoFi)
2025-11-24T09:19:24.868-05:00  INFO 21556 --- [GestorOdontologico] [JavaFX-Launcher] o.s.boot.SpringApplication               : No active profile set, falling back to 1 default profile: "default"
2025-11-24T09:19:26.274-05:00  INFO 21556 --- [GestorOdontologico] [JavaFX-Launcher] .s.d.r.c.RepositoryConfigurationDelegate : Bootstrapping Spring Data JPA repositories in DEFAULT mode.
2025-11-24T09:19:26.484-05:00  INFO 21556 --- [GestorOdontologico] [JavaFX-Launcher] .s.d.r.c.RepositoryConfigurationDelegate : Finished Spring Data repository scanning in 180 ms. Found 6 JPA repository interfaces.
2025-11-24T09:19:27.111-05:00  INFO 21556 --- [GestorOdontologico] [JavaFX-Launcher] o.hibernate.jpa.internal.util.LogHelper  : HHH000204: Processing PersistenceUnitInfo [name: default]
2025-11-24T09:19:27.205-05:00  INFO 21556 --- [GestorOdontologico] [JavaFX-Launcher] org.hibernate.Version                    : HHH000412: Hibernate ORM core version 6.6.29.Final
2025-11-24T09:19:27.269-05:00  INFO 21556 --- [GestorOdontologico] [JavaFX-Launcher] o.h.c.internal.RegionFactoryInitiator    : HHH000026: Second-level cache disabled
2025-11-24T09:19:28.001-05:00  INFO 21556 --- [GestorOdontologico] [JavaFX-Launcher] o.s.o.j.p.SpringPersistenceUnitInfo      : No LoadTimeWeaver setup: ignoring JPA class transformer
2025-11-24T09:19:28.085-05:00  INFO 21556 --- [GestorOdontologico] [JavaFX-Launcher] com.zaxxer.hikari.HikariDataSource       : HikariPool-1 - Starting...
2025-11-24T09:19:28.358-05:00  INFO 21556 --- [GestorOdontologico] [JavaFX-Launcher] com.zaxxer.hikari.pool.HikariPool        : HikariPool-1 - Added connection org.sqlite.jdbc4.JDBC4Connection@f743295
2025-11-24T09:19:28.363-05:00  INFO 21556 --- [GestorOdontologico] [JavaFX-Launcher] com.zaxxer.hikari.HikariDataSource       : HikariPool-1 - Start completed.
2025-11-24T09:19:28.457-05:00  INFO 21556 --- [GestorOdontologico] [JavaFX-Launcher] org.hibernate.orm.connections.pooling    : HHH10001005: Database info:
	Database JDBC URL [Connecting through datasource 'HikariDataSource (HikariPool-1)']
	Database driver: undefined/unknown
	Database version: 3.46
	Autocommit mode: undefined/unknown
	Isolation level: undefined/unknown
	Minimum pool size: undefined/unknown
	Maximum pool size: undefined/unknown
2025-11-24T09:19:30.459-05:00  INFO 21556 --- [GestorOdontologico] [JavaFX-Launcher] o.h.e.t.j.p.i.JtaPlatformInitiator       : HHH000489: No JTA platform available (set 'hibernate.transaction.jta.platform' to enable JTA platform integration)
2025-11-24T09:19:30.531-05:00  INFO 21556 --- [GestorOdontologico] [JavaFX-Launcher] j.LocalContainerEntityManagerFactoryBean : Initialized JPA EntityManagerFactory for persistence unit 'default'
2025-11-24T09:19:31.249-05:00  INFO 21556 --- [GestorOdontologico] [JavaFX-Launcher] o.s.d.j.r.query.QueryEnhancerFactory     : Hibernate is in classpath; If applicable, HQL parser will be used.
2025-11-24T09:19:31.507-05:00  INFO 21556 --- [GestorOdontologico] [JavaFX-Launcher] o.s.boot.SpringApplication               : Started application in 7.666 seconds (process running for 8.878)
2025-11-24T09:28:37.897-05:00  INFO 21556 --- [GestorOdontologico] [SpringApplicationShutdownHook] j.LocalContainerEntityManagerFactoryBean : Closing JPA EntityManagerFactory for persistence unit 'default'
2025-11-24T09:28:37.906-05:00  INFO 21556 --- [GestorOdontologico] [SpringApplicationShutdownHook] com.zaxxer.hikari.HikariDataSource       : HikariPool-1 - Shutdown initiated...
2025-11-24T09:28:37.916-05:00  INFO 21556 --- [GestorOdontologico] [SpringApplicationShutdownHook] com.zaxxer.hikari.HikariDataSource       : HikariPool-1 - Shutdown completed.
2025-11-24T09:28:46.808-05:00  INFO 10736 --- [GestorOdontologico] [JavaFX-Launcher] o.s.boot.SpringApplication               : Starting application using Java 17.0.16 with PID 10736 (started by brayan in C:\Brayan_POO\C2-G2BRAYAN\GestordecitasOdontologicoFi\GestordecitasOdontologicoFi)
2025-11-24T09:28:46.815-05:00  INFO 10736 --- [GestorOdontologico] [JavaFX-Launcher] o.s.boot.SpringApplication               : No active profile set, falling back to 1 default profile: "default"
2025-11-24T09:28:48.172-05:00  INFO 10736 --- [GestorOdontologico] [JavaFX-Launcher] .s.d.r.c.RepositoryConfigurationDelegate : Bootstrapping Spring Data JPA repositories in DEFAULT mode.
2025-11-24T09:28:48.374-05:00  INFO 10736 --- [GestorOdontologico] [JavaFX-Launcher] .s.d.r.c.RepositoryConfigurationDelegate : Finished Spring Data repository scanning in 164 ms. Found 6 JPA repository interfaces.
2025-11-24T09:28:48.996-05:00  INFO 10736 --- [GestorOdontologico] [JavaFX-Launcher] o.hibernate.jpa.internal.util.LogHelper  : HHH000204: Processing PersistenceUnitInfo [name: default]
2025-11-24T09:28:49.077-05:00  INFO 10736 --- [GestorOdontologico] [JavaFX-Launcher] org.hibernate.Version                    : HHH000412: Hibernate ORM core version 6.6.29.Final
2025-11-24T09:28:49.143-05:00  INFO 10736 --- [GestorOdontologico] [JavaFX-Launcher] o.h.c.internal.RegionFactoryInitiator    : HHH000026: Second-level cache disabled
2025-11-24T09:28:49.723-05:00  INFO 10736 --- [GestorOdontologico] [JavaFX-Launcher] o.s.o.j.p.SpringPersistenceUnitInfo      : No LoadTimeWeaver setup: ignoring JPA class transformer
2025-11-24T09:28:49.790-05:00  INFO 10736 --- [GestorOdontologico] [JavaFX-Launcher] com.zaxxer.hikari.HikariDataSource       : HikariPool-1 - Starting...
2025-11-24T09:28:50.024-05:00  INFO 10736 --- [GestorOdontologico] [JavaFX-Launcher] com.zaxxer.hikari.pool.HikariPool        : HikariPool-1 - Added connection org.sqlite.jdbc4.JDBC4Connection@5b5c7ad8
2025-11-24T09:28:50.026-05:00  INFO 10736 --- [GestorOdontologico] [JavaFX-Launcher] com.zaxxer.hikari.HikariDataSource       : HikariPool-1 - Start completed.
2025-11-24T09:28:50.081-05:00  INFO 10736 --- [GestorOdontologico] [JavaFX-Launcher] org.hibernate.orm.connections.pooling    : HHH10001005: Database info:
	Database JDBC URL [Connecting through datasource 'HikariDataSource (HikariPool-1)']
	Database driver: undefined/unknown
	Database version: 3.46
	Autocommit mode: undefined/unknown
	Isolation level: undefined/unknown
	Minimum pool size: undefined/unknown
	Maximum pool size: undefined/unknown
2025-11-24T09:28:51.823-05:00  INFO 10736 --- [GestorOdontologico] [JavaFX-Launcher] o.h.e.t.j.p.i.JtaPlatformInitiator       : HHH000489: No JTA platform available (set 'hibernate.transaction.jta.platform' to enable JTA platform integration)
2025-11-24T09:28:51.870-05:00  INFO 10736 --- [GestorOdontologico] [JavaFX-Launcher] j.LocalContainerEntityManagerFactoryBean : Initialized JPA EntityManagerFactory for persistence unit 'default'
2025-11-24T09:28:52.481-05:00  INFO 10736 --- [GestorOdontologico] [JavaFX-Launcher] o.s.d.j.r.query.QueryEnhancerFactory     : Hibernate is in classpath; If applicable, HQL parser will be used.
2025-11-24T09:28:52.801-05:00  INFO 10736 --- [GestorOdontologico] [JavaFX-Launcher] o.s.boot.SpringApplication               : Started application in 7.151 seconds (process running for 8.427)
2025-11-24T09:30:47.958-05:00  INFO 10736 --- [GestorOdontologico] [SpringApplicationShutdownHook] j.LocalContainerEntityManagerFactoryBean : Closing JPA EntityManagerFactory for persistence unit 'default'
2025-11-24T09:30:47.967-05:00  INFO 10736 --- [GestorOdontologico] [SpringApplicationShutdownHook] com.zaxxer.hikari.HikariDataSource       : HikariPool-1 - Shutdown initiated...
2025-11-24T09:30:47.983-05:00  INFO 10736 --- [GestorOdontologico] [SpringApplicationShutdownHook] com.zaxxer.hikari.HikariDataSource       : HikariPool-1 - Shutdown completed.
2025-11-24T09:30:57.490-05:00  INFO 8228 --- [GestorOdontologico] [JavaFX-Launcher] o.s.boot.SpringApplication               : Starting application using Java 17.0.16 with PID 8228 (started by brayan in C:\Brayan_POO\C2-G2BRAYAN\GestordecitasOdontologicoFi\GestordecitasOdontologicoFi)
2025-11-24T09:30:57.498-05:00  INFO 8228 --- [GestorOdontologico] [JavaFX-Launcher] o.s.boot.SpringApplication               : No active profile set, falling back to 1 default profile: "default"
2025-11-24T09:30:58.886-05:00  INFO 8228 --- [GestorOdontologico] [JavaFX-Launcher] .s.d.r.c.RepositoryConfigurationDelegate : Bootstrapping Spring Data JPA repositories in DEFAULT mode.
2025-11-24T09:30:59.095-05:00  INFO 8228 --- [GestorOdontologico] [JavaFX-Launcher] .s.d.r.c.RepositoryConfigurationDelegate : Finished Spring Data repository scanning in 190 ms. Found 6 JPA repository interfaces.
2025-11-24T09:30:59.709-05:00  INFO 8228 --- [GestorOdontologico] [JavaFX-Launcher] o.hibernate.jpa.internal.util.LogHelper  : HHH000204: Processing PersistenceUnitInfo [name: default]
2025-11-24T09:30:59.802-05:00  INFO 8228 --- [GestorOdontologico] [JavaFX-Launcher] org.hibernate.Version                    : HHH000412: Hibernate ORM core version 6.6.29.Final
2025-11-24T09:30:59.856-05:00  INFO 8228 --- [GestorOdontologico] [JavaFX-Launcher] o.h.c.internal.RegionFactoryInitiator    : HHH000026: Second-level cache disabled
2025-11-24T09:31:00.541-05:00  INFO 8228 --- [GestorOdontologico] [JavaFX-Launcher] o.s.o.j.p.SpringPersistenceUnitInfo      : No LoadTimeWeaver setup: ignoring JPA class transformer
2025-11-24T09:31:00.593-05:00  INFO 8228 --- [GestorOdontologico] [JavaFX-Launcher] com.zaxxer.hikari.HikariDataSource       : HikariPool-1 - Starting...
2025-11-24T09:31:00.804-05:00  INFO 8228 --- [GestorOdontologico] [JavaFX-Launcher] com.zaxxer.hikari.pool.HikariPool        : HikariPool-1 - Added connection org.sqlite.jdbc4.JDBC4Connection@b71ba0d
2025-11-24T09:31:00.806-05:00  INFO 8228 --- [GestorOdontologico] [JavaFX-Launcher] com.zaxxer.hikari.HikariDataSource       : HikariPool-1 - Start completed.
2025-11-24T09:31:00.869-05:00  INFO 8228 --- [GestorOdontologico] [JavaFX-Launcher] org.hibernate.orm.connections.pooling    : HHH10001005: Database info:
	Database JDBC URL [Connecting through datasource 'HikariDataSource (HikariPool-1)']
	Database driver: undefined/unknown
	Database version: 3.46
	Autocommit mode: undefined/unknown
	Isolation level: undefined/unknown
	Minimum pool size: undefined/unknown
	Maximum pool size: undefined/unknown
2025-11-24T09:31:02.776-05:00  INFO 8228 --- [GestorOdontologico] [JavaFX-Launcher] o.h.e.t.j.p.i.JtaPlatformInitiator       : HHH000489: No JTA platform available (set 'hibernate.transaction.jta.platform' to enable JTA platform integration)
2025-11-24T09:31:02.882-05:00  INFO 8228 --- [GestorOdontologico] [JavaFX-Launcher] j.LocalContainerEntityManagerFactoryBean : Initialized JPA EntityManagerFactory for persistence unit 'default'
2025-11-24T09:31:03.598-05:00  INFO 8228 --- [GestorOdontologico] [JavaFX-Launcher] o.s.d.j.r.query.QueryEnhancerFactory     : Hibernate is in classpath; If applicable, HQL parser will be used.
2025-11-24T09:31:03.873-05:00  INFO 8228 --- [GestorOdontologico] [JavaFX-Launcher] o.s.boot.SpringApplication               : Started application in 7.45 seconds (process running for 8.7)
2025-11-24T09:33:11.700-05:00  INFO 8228 --- [GestorOdontologico] [SpringApplicationShutdownHook] j.LocalContainerEntityManagerFactoryBean : Closing JPA EntityManagerFactory for persistence unit 'default'
2025-11-24T09:33:11.710-05:00  INFO 8228 --- [GestorOdontologico] [SpringApplicationShutdownHook] com.zaxxer.hikari.HikariDataSource       : HikariPool-1 - Shutdown initiated...
2025-11-24T09:33:11.718-05:00  INFO 8228 --- [GestorOdontologico] [SpringApplicationShutdownHook] com.zaxxer.hikari.HikariDataSource       : HikariPool-1 - Shutdown completed.
2025-11-24T09:33:20.967-05:00  INFO 5588 --- [GestorOdontologico] [JavaFX-Launcher] o.s.boot.SpringApplication               : Starting application using Java 17.0.16 with PID 5588 (started by brayan in C:\Brayan_POO\C2-G2BRAYAN\GestordecitasOdontologicoFi\GestordecitasOdontologicoFi)
2025-11-24T09:33:20.978-05:00  INFO 5588 --- [GestorOdontologico] [JavaFX-Launcher] o.s.boot.SpringApplication               : No active profile set, falling back to 1 default profile: "default"
2025-11-24T09:33:22.298-05:00  INFO 5588 --- [GestorOdontologico] [JavaFX-Launcher] .s.d.r.c.RepositoryConfigurationDelegate : Bootstrapping Spring Data JPA repositories in DEFAULT mode.
2025-11-24T09:33:22.453-05:00  INFO 5588 --- [GestorOdontologico] [JavaFX-Launcher] .s.d.r.c.RepositoryConfigurationDelegate : Finished Spring Data repository scanning in 137 ms. Found 6 JPA repository interfaces.
2025-11-24T09:33:23.130-05:00  INFO 5588 --- [GestorOdontologico] [JavaFX-Launcher] o.hibernate.jpa.internal.util.LogHelper  : HHH000204: Processing PersistenceUnitInfo [name: default]
2025-11-24T09:33:23.225-05:00  INFO 5588 --- [GestorOdontologico] [JavaFX-Launcher] org.hibernate.Version                    : HHH000412: Hibernate ORM core version 6.6.29.Final
2025-11-24T09:33:23.284-05:00  INFO 5588 --- [GestorOdontologico] [JavaFX-Launcher] o.h.c.internal.RegionFactoryInitiator    : HHH000026: Second-level cache disabled
2025-11-24T09:33:23.767-05:00  INFO 5588 --- [GestorOdontologico] [JavaFX-Launcher] o.s.o.j.p.SpringPersistenceUnitInfo      : No LoadTimeWeaver setup: ignoring JPA class transformer
2025-11-24T09:33:23.833-05:00  INFO 5588 --- [GestorOdontologico] [JavaFX-Launcher] com.zaxxer.hikari.HikariDataSource       : HikariPool-1 - Starting...
2025-11-24T09:33:25.061-05:00  INFO 5588 --- [GestorOdontologico] [JavaFX-Launcher] com.zaxxer.hikari.pool.HikariPool        : HikariPool-1 - Added connection org.sqlite.jdbc4.JDBC4Connection@508478f7
2025-11-24T09:33:25.072-05:00  INFO 5588 --- [GestorOdontologico] [JavaFX-Launcher] com.zaxxer.hikari.HikariDataSource       : HikariPool-1 - Start completed.
2025-11-24T09:33:25.147-05:00  INFO 5588 --- [GestorOdontologico] [JavaFX-Launcher] org.hibernate.orm.connections.pooling    : HHH10001005: Database info:
	Database JDBC URL [Connecting through datasource 'HikariDataSource (HikariPool-1)']
	Database driver: undefined/unknown
	Database version: 3.46
	Autocommit mode: undefined/unknown
	Isolation level: undefined/unknown
	Minimum pool size: undefined/unknown
	Maximum pool size: undefined/unknown
2025-11-24T09:33:26.817-05:00  INFO 5588 --- [GestorOdontologico] [JavaFX-Launcher] o.h.e.t.j.p.i.JtaPlatformInitiator       : HHH000489: No JTA platform available (set 'hibernate.transaction.jta.platform' to enable JTA platform integration)
2025-11-24T09:33:26.875-05:00  INFO 5588 --- [GestorOdontologico] [JavaFX-Launcher] j.LocalContainerEntityManagerFactoryBean : Initialized JPA EntityManagerFactory for persistence unit 'default'
2025-11-24T09:33:27.554-05:00  INFO 5588 --- [GestorOdontologico] [JavaFX-Launcher] o.s.d.j.r.query.QueryEnhancerFactory     : Hibernate is in classpath; If applicable, HQL parser will be used.
2025-11-24T09:33:27.879-05:00  INFO 5588 --- [GestorOdontologico] [JavaFX-Launcher] o.s.boot.SpringApplication               : Started application in 8.203 seconds (process running for 9.579)
2025-11-24T09:42:19.319-05:00  INFO 5588 --- [GestorOdontologico] [SpringApplicationShutdownHook] j.LocalContainerEntityManagerFactoryBean : Closing JPA EntityManagerFactory for persistence unit 'default'
2025-11-24T09:42:19.328-05:00  INFO 5588 --- [GestorOdontologico] [SpringApplicationShutdownHook] com.zaxxer.hikari.HikariDataSource       : HikariPool-1 - Shutdown initiated...
2025-11-24T09:42:19.336-05:00  INFO 5588 --- [GestorOdontologico] [SpringApplicationShutdownHook] com.zaxxer.hikari.HikariDataSource       : HikariPool-1 - Shutdown completed.
2025-11-24T09:42:26.157-05:00  INFO 17444 --- [GestorOdontologico] [JavaFX-Launcher] o.s.boot.SpringApplication               : Starting application using Java 17.0.16 with PID 17444 (started by brayan in C:\Brayan_POO\C2-G2BRAYAN\GestordecitasOdontologicoFi\GestordecitasOdontologicoFi)
2025-11-24T09:42:26.161-05:00  INFO 17444 --- [GestorOdontologico] [JavaFX-Launcher] o.s.boot.SpringApplication               : No active profile set, falling back to 1 default profile: "default"
2025-11-24T09:42:26.966-05:00  INFO 17444 --- [GestorOdontologico] [JavaFX-Launcher] .s.d.r.c.RepositoryConfigurationDelegate : Bootstrapping Spring Data JPA repositories in DEFAULT mode.
2025-11-24T09:42:27.063-05:00  INFO 17444 --- [GestorOdontologico] [JavaFX-Launcher] .s.d.r.c.RepositoryConfigurationDelegate : Finished Spring Data repository scanning in 82 ms. Found 6 JPA repository interfaces.
2025-11-24T09:42:27.448-05:00  INFO 17444 --- [GestorOdontologico] [JavaFX-Launcher] o.hibernate.jpa.internal.util.LogHelper  : HHH000204: Processing PersistenceUnitInfo [name: default]
2025-11-24T09:42:27.498-05:00  INFO 17444 --- [GestorOdontologico] [JavaFX-Launcher] org.hibernate.Version                    : HHH000412: Hibernate ORM core version 6.6.29.Final
2025-11-24T09:42:27.566-05:00  INFO 17444 --- [GestorOdontologico] [JavaFX-Launcher] o.h.c.internal.RegionFactoryInitiator    : HHH000026: Second-level cache disabled
2025-11-24T09:42:27.961-05:00  INFO 17444 --- [GestorOdontologico] [JavaFX-Launcher] o.s.o.j.p.SpringPersistenceUnitInfo      : No LoadTimeWeaver setup: ignoring JPA class transformer
2025-11-24T09:42:28.005-05:00  INFO 17444 --- [GestorOdontologico] [JavaFX-Launcher] com.zaxxer.hikari.HikariDataSource       : HikariPool-1 - Starting...
2025-11-24T09:42:28.189-05:00  INFO 17444 --- [GestorOdontologico] [JavaFX-Launcher] com.zaxxer.hikari.pool.HikariPool        : HikariPool-1 - Added connection org.sqlite.jdbc4.JDBC4Connection@43189add
2025-11-24T09:42:28.192-05:00  INFO 17444 --- [GestorOdontologico] [JavaFX-Launcher] com.zaxxer.hikari.HikariDataSource       : HikariPool-1 - Start completed.
2025-11-24T09:42:28.233-05:00  INFO 17444 --- [GestorOdontologico] [JavaFX-Launcher] org.hibernate.orm.connections.pooling    : HHH10001005: Database info:
	Database JDBC URL [Connecting through datasource 'HikariDataSource (HikariPool-1)']
	Database driver: undefined/unknown
	Database version: 3.46
	Autocommit mode: undefined/unknown
	Isolation level: undefined/unknown
	Minimum pool size: undefined/unknown
	Maximum pool size: undefined/unknown
2025-11-24T09:42:29.448-05:00  INFO 17444 --- [GestorOdontologico] [JavaFX-Launcher] o.h.e.t.j.p.i.JtaPlatformInitiator       : HHH000489: No JTA platform available (set 'hibernate.transaction.jta.platform' to enable JTA platform integration)
2025-11-24T09:42:29.490-05:00  INFO 17444 --- [GestorOdontologico] [JavaFX-Launcher] j.LocalContainerEntityManagerFactoryBean : Initialized JPA EntityManagerFactory for persistence unit 'default'
2025-11-24T09:42:30.050-05:00  INFO 17444 --- [GestorOdontologico] [JavaFX-Launcher] o.s.d.j.r.query.QueryEnhancerFactory     : Hibernate is in classpath; If applicable, HQL parser will be used.
2025-11-24T09:42:30.267-05:00  INFO 17444 --- [GestorOdontologico] [JavaFX-Launcher] o.s.boot.SpringApplication               : Started application in 4.709 seconds (process running for 5.605)
2025-11-24T09:50:28.442-05:00  INFO 17444 --- [GestorOdontologico] [SpringApplicationShutdownHook] j.LocalContainerEntityManagerFactoryBean : Closing JPA EntityManagerFactory for persistence unit 'default'
2025-11-24T09:50:28.452-05:00  INFO 17444 --- [GestorOdontologico] [SpringApplicationShutdownHook] com.zaxxer.hikari.HikariDataSource       : HikariPool-1 - Shutdown initiated...
2025-11-24T09:50:28.459-05:00  INFO 17444 --- [GestorOdontologico] [SpringApplicationShutdownHook] com.zaxxer.hikari.HikariDataSource       : HikariPool-1 - Shutdown completed.
2025-11-24T09:50:35.841-05:00  INFO 8424 --- [GestorOdontologico] [JavaFX-Launcher] o.s.boot.SpringApplication               : Starting application using Java 17.0.16 with PID 8424 (started by brayan in C:\Brayan_POO\C2-G2BRAYAN\GestordecitasOdontologicoFi\GestordecitasOdontologicoFi)
2025-11-24T09:50:35.845-05:00  INFO 8424 --- [GestorOdontologico] [JavaFX-Launcher] o.s.boot.SpringApplication               : No active profile set, falling back to 1 default profile: "default"
2025-11-24T09:50:36.652-05:00  INFO 8424 --- [GestorOdontologico] [JavaFX-Launcher] .s.d.r.c.RepositoryConfigurationDelegate : Bootstrapping Spring Data JPA repositories in DEFAULT mode.
2025-11-24T09:50:36.742-05:00  INFO 8424 --- [GestorOdontologico] [JavaFX-Launcher] .s.d.r.c.RepositoryConfigurationDelegate : Finished Spring Data repository scanning in 76 ms. Found 6 JPA repository interfaces.
2025-11-24T09:50:37.148-05:00  INFO 8424 --- [GestorOdontologico] [JavaFX-Launcher] o.hibernate.jpa.internal.util.LogHelper  : HHH000204: Processing PersistenceUnitInfo [name: default]
2025-11-24T09:50:37.214-05:00  INFO 8424 --- [GestorOdontologico] [JavaFX-Launcher] org.hibernate.Version                    : HHH000412: Hibernate ORM core version 6.6.29.Final
2025-11-24T09:50:37.248-05:00  INFO 8424 --- [GestorOdontologico] [JavaFX-Launcher] o.h.c.internal.RegionFactoryInitiator    : HHH000026: Second-level cache disabled
2025-11-24T09:50:37.621-05:00  INFO 8424 --- [GestorOdontologico] [JavaFX-Launcher] o.s.o.j.p.SpringPersistenceUnitInfo      : No LoadTimeWeaver setup: ignoring JPA class transformer
2025-11-24T09:50:37.684-05:00  INFO 8424 --- [GestorOdontologico] [JavaFX-Launcher] com.zaxxer.hikari.HikariDataSource       : HikariPool-1 - Starting...
2025-11-24T09:50:37.873-05:00  INFO 8424 --- [GestorOdontologico] [JavaFX-Launcher] com.zaxxer.hikari.pool.HikariPool        : HikariPool-1 - Added connection org.sqlite.jdbc4.JDBC4Connection@43ebf3a6
2025-11-24T09:50:37.875-05:00  INFO 8424 --- [GestorOdontologico] [JavaFX-Launcher] com.zaxxer.hikari.HikariDataSource       : HikariPool-1 - Start completed.
2025-11-24T09:50:37.914-05:00  INFO 8424 --- [GestorOdontologico] [JavaFX-Launcher] org.hibernate.orm.connections.pooling    : HHH10001005: Database info:
	Database JDBC URL [Connecting through datasource 'HikariDataSource (HikariPool-1)']
	Database driver: undefined/unknown
	Database version: 3.46
	Autocommit mode: undefined/unknown
	Isolation level: undefined/unknown
	Minimum pool size: undefined/unknown
	Maximum pool size: undefined/unknown
2025-11-24T09:50:39.089-05:00  INFO 8424 --- [GestorOdontologico] [JavaFX-Launcher] o.h.e.t.j.p.i.JtaPlatformInitiator       : HHH000489: No JTA platform available (set 'hibernate.transaction.jta.platform' to enable JTA platform integration)
2025-11-24T09:50:39.130-05:00  INFO 8424 --- [GestorOdontologico] [JavaFX-Launcher] j.LocalContainerEntityManagerFactoryBean : Initialized JPA EntityManagerFactory for persistence unit 'default'
2025-11-24T09:50:39.581-05:00  INFO 8424 --- [GestorOdontologico] [JavaFX-Launcher] o.s.d.j.r.query.QueryEnhancerFactory     : Hibernate is in classpath; If applicable, HQL parser will be used.
2025-11-24T09:50:39.803-05:00  INFO 8424 --- [GestorOdontologico] [JavaFX-Launcher] o.s.boot.SpringApplication               : Started application in 4.584 seconds (process running for 5.515)
2025-11-24T09:51:33.126-05:00  INFO 8424 --- [GestorOdontologico] [SpringApplicationShutdownHook] j.LocalContainerEntityManagerFactoryBean : Closing JPA EntityManagerFactory for persistence unit 'default'
2025-11-24T09:51:33.132-05:00  INFO 8424 --- [GestorOdontologico] [SpringApplicationShutdownHook] com.zaxxer.hikari.HikariDataSource       : HikariPool-1 - Shutdown initiated...
2025-11-24T09:51:33.138-05:00  INFO 8424 --- [GestorOdontologico] [SpringApplicationShutdownHook] com.zaxxer.hikari.HikariDataSource       : HikariPool-1 - Shutdown completed.
2025-11-24T09:51:37.970-05:00  INFO 22260 --- [GestorOdontologico] [JavaFX-Launcher] o.s.boot.SpringApplication               : Starting application using Java 17.0.16 with PID 22260 (started by brayan in C:\Brayan_POO\C2-G2BRAYAN\GestordecitasOdontologicoFi\GestordecitasOdontologicoFi)
2025-11-24T09:51:37.973-05:00  INFO 22260 --- [GestorOdontologico] [JavaFX-Launcher] o.s.boot.SpringApplication               : No active profile set, falling back to 1 default profile: "default"
2025-11-24T09:51:38.769-05:00  INFO 22260 --- [GestorOdontologico] [JavaFX-Launcher] .s.d.r.c.RepositoryConfigurationDelegate : Bootstrapping Spring Data JPA repositories in DEFAULT mode.
2025-11-24T09:51:38.866-05:00  INFO 22260 --- [GestorOdontologico] [JavaFX-Launcher] .s.d.r.c.RepositoryConfigurationDelegate : Finished Spring Data repository scanning in 83 ms. Found 6 JPA repository interfaces.
2025-11-24T09:51:39.247-05:00  INFO 22260 --- [GestorOdontologico] [JavaFX-Launcher] o.hibernate.jpa.internal.util.LogHelper  : HHH000204: Processing PersistenceUnitInfo [name: default]
2025-11-24T09:51:39.304-05:00  INFO 22260 --- [GestorOdontologico] [JavaFX-Launcher] org.hibernate.Version                    : HHH000412: Hibernate ORM core version 6.6.29.Final
2025-11-24T09:51:39.350-05:00  INFO 22260 --- [GestorOdontologico] [JavaFX-Launcher] o.h.c.internal.RegionFactoryInitiator    : HHH000026: Second-level cache disabled
2025-11-24T09:51:39.716-05:00  INFO 22260 --- [GestorOdontologico] [JavaFX-Launcher] o.s.o.j.p.SpringPersistenceUnitInfo      : No LoadTimeWeaver setup: ignoring JPA class transformer
2025-11-24T09:51:39.757-05:00  INFO 22260 --- [GestorOdontologico] [JavaFX-Launcher] com.zaxxer.hikari.HikariDataSource       : HikariPool-1 - Starting...
2025-11-24T09:51:39.943-05:00  INFO 22260 --- [GestorOdontologico] [JavaFX-Launcher] com.zaxxer.hikari.pool.HikariPool        : HikariPool-1 - Added connection org.sqlite.jdbc4.JDBC4Connection@78831bfa
2025-11-24T09:51:39.946-05:00  INFO 22260 --- [GestorOdontologico] [JavaFX-Launcher] com.zaxxer.hikari.HikariDataSource       : HikariPool-1 - Start completed.
2025-11-24T09:51:39.984-05:00  INFO 22260 --- [GestorOdontologico] [JavaFX-Launcher] org.hibernate.orm.connections.pooling    : HHH10001005: Database info:
	Database JDBC URL [Connecting through datasource 'HikariDataSource (HikariPool-1)']
	Database driver: undefined/unknown
	Database version: 3.46
	Autocommit mode: undefined/unknown
	Isolation level: undefined/unknown
	Minimum pool size: undefined/unknown
	Maximum pool size: undefined/unknown
2025-11-24T09:51:41.137-05:00  INFO 22260 --- [GestorOdontologico] [JavaFX-Launcher] o.h.e.t.j.p.i.JtaPlatformInitiator       : HHH000489: No JTA platform available (set 'hibernate.transaction.jta.platform' to enable JTA platform integration)
2025-11-24T09:51:41.174-05:00  INFO 22260 --- [GestorOdontologico] [JavaFX-Launcher] j.LocalContainerEntityManagerFactoryBean : Initialized JPA EntityManagerFactory for persistence unit 'default'
2025-11-24T09:51:41.638-05:00  INFO 22260 --- [GestorOdontologico] [JavaFX-Launcher] o.s.d.j.r.query.QueryEnhancerFactory     : Hibernate is in classpath; If applicable, HQL parser will be used.
2025-11-24T09:51:41.853-05:00  INFO 22260 --- [GestorOdontologico] [JavaFX-Launcher] o.s.boot.SpringApplication               : Started application in 4.499 seconds (process running for 5.51)
2025-11-24T09:54:46.702-05:00  INFO 22260 --- [GestorOdontologico] [JavaFX Application Thread] j.LocalContainerEntityManagerFactoryBean : Closing JPA EntityManagerFactory for persistence unit 'default'
2025-11-24T09:54:46.708-05:00  INFO 22260 --- [GestorOdontologico] [JavaFX Application Thread] com.zaxxer.hikari.HikariDataSource       : HikariPool-1 - Shutdown initiated...
2025-11-24T09:54:46.719-05:00  INFO 22260 --- [GestorOdontologico] [JavaFX Application Thread] com.zaxxer.hikari.HikariDataSource       : HikariPool-1 - Shutdown completed.
2025-11-24T15:36:40.271-05:00  INFO 12876 --- [GestorOdontologico] [JavaFX-Launcher] o.s.boot.SpringApplication               : Starting application using Java 25.0.1 with PID 12876 (started by user in C:\Users\user\Downloads\GestordecitasOdontologicoFi (2)\GestordecitasOdontologicoFi\GestordecitasOdontologicoFi)
2025-11-24T15:36:40.275-05:00  INFO 12876 --- [GestorOdontologico] [JavaFX-Launcher] o.s.boot.SpringApplication               : No active profile set, falling back to 1 default profile: "default"
2025-11-24T15:36:42.308-05:00  INFO 12876 --- [GestorOdontologico] [JavaFX-Launcher] .s.d.r.c.RepositoryConfigurationDelegate : Bootstrapping Spring Data JPA repositories in DEFAULT mode.
2025-11-24T15:36:42.422-05:00  INFO 12876 --- [GestorOdontologico] [JavaFX-Launcher] .s.d.r.c.RepositoryConfigurationDelegate : Finished Spring Data repository scanning in 101 ms. Found 6 JPA repository interfaces.
2025-11-24T15:36:42.901-05:00  INFO 12876 --- [GestorOdontologico] [JavaFX-Launcher] o.hibernate.jpa.internal.util.LogHelper  : HHH000204: Processing PersistenceUnitInfo [name: default]
2025-11-24T15:36:42.996-05:00  INFO 12876 --- [GestorOdontologico] [JavaFX-Launcher] org.hibernate.Version                    : HHH000412: Hibernate ORM core version 6.6.29.Final
2025-11-24T15:36:43.061-05:00  INFO 12876 --- [GestorOdontologico] [JavaFX-Launcher] o.h.c.internal.RegionFactoryInitiator    : HHH000026: Second-level cache disabled
2025-11-24T15:36:43.545-05:00  INFO 12876 --- [GestorOdontologico] [JavaFX-Launcher] o.s.o.j.p.SpringPersistenceUnitInfo      : No LoadTimeWeaver setup: ignoring JPA class transformer
2025-11-24T15:36:43.594-05:00  INFO 12876 --- [GestorOdontologico] [JavaFX-Launcher] com.zaxxer.hikari.HikariDataSource       : HikariPool-1 - Starting...
2025-11-24T15:36:44.143-05:00  INFO 12876 --- [GestorOdontologico] [JavaFX-Launcher] com.zaxxer.hikari.pool.HikariPool        : HikariPool-1 - Added connection org.sqlite.jdbc4.JDBC4Connection@1abbe933
2025-11-24T15:36:44.146-05:00  INFO 12876 --- [GestorOdontologico] [JavaFX-Launcher] com.zaxxer.hikari.HikariDataSource       : HikariPool-1 - Start completed.
2025-11-24T15:36:44.207-05:00  INFO 12876 --- [GestorOdontologico] [JavaFX-Launcher] org.hibernate.orm.connections.pooling    : HHH10001005: Database info:
	Database JDBC URL [Connecting through datasource 'HikariDataSource (HikariPool-1)']
	Database driver: undefined/unknown
	Database version: 3.46
	Autocommit mode: undefined/unknown
	Isolation level: undefined/unknown
	Minimum pool size: undefined/unknown
	Maximum pool size: undefined/unknown
2025-11-24T15:36:45.808-05:00  INFO 12876 --- [GestorOdontologico] [JavaFX-Launcher] o.h.e.t.j.p.i.JtaPlatformInitiator       : HHH000489: No JTA platform available (set 'hibernate.transaction.jta.platform' to enable JTA platform integration)
2025-11-24T15:36:45.861-05:00  INFO 12876 --- [GestorOdontologico] [JavaFX-Launcher] j.LocalContainerEntityManagerFactoryBean : Initialized JPA EntityManagerFactory for persistence unit 'default'
2025-11-24T15:36:46.402-05:00  INFO 12876 --- [GestorOdontologico] [JavaFX-Launcher] o.s.d.j.r.query.QueryEnhancerFactory     : Hibernate is in classpath; If applicable, HQL parser will be used.
2025-11-24T15:36:46.649-05:00  INFO 12876 --- [GestorOdontologico] [JavaFX-Launcher] o.s.boot.SpringApplication               : Started application in 7.057 seconds (process running for 8.96)
2025-11-24T15:39:56.192-05:00  WARN 12876 --- [GestorOdontologico] [HikariPool-1:housekeeper] com.zaxxer.hikari.pool.HikariPool        : HikariPool-1 - Thread starvation or clock leap detected (housekeeper delta=1m22s615ms186µs400ns).
2025-11-24T17:49:57.719-05:00  INFO 15796 --- [GestorOdontologico] [JavaFX-Launcher] o.s.boot.SpringApplication               : Starting application using Java 24.0.2 with PID 15796 (started by ASUS Vivobook in C:\Users\ASUS Vivobook\Downloads\GestordecitasOdontologicoFi_fixed_complete)
2025-11-24T17:49:57.722-05:00  INFO 15796 --- [GestorOdontologico] [JavaFX-Launcher] o.s.boot.SpringApplication               : No active profile set, falling back to 1 default profile: "default"
2025-11-24T17:49:58.460-05:00  INFO 15796 --- [GestorOdontologico] [JavaFX-Launcher] .s.d.r.c.RepositoryConfigurationDelegate : Bootstrapping Spring Data JPA repositories in DEFAULT mode.
2025-11-24T17:49:58.547-05:00  INFO 15796 --- [GestorOdontologico] [JavaFX-Launcher] .s.d.r.c.RepositoryConfigurationDelegate : Finished Spring Data repository scanning in 76 ms. Found 6 JPA repository interfaces.
2025-11-24T17:49:58.907-05:00  INFO 15796 --- [GestorOdontologico] [JavaFX-Launcher] o.hibernate.jpa.internal.util.LogHelper  : HHH000204: Processing PersistenceUnitInfo [name: default]
2025-11-24T17:49:58.966-05:00  INFO 15796 --- [GestorOdontologico] [JavaFX-Launcher] org.hibernate.Version                    : HHH000412: Hibernate ORM core version 6.6.29.Final
2025-11-24T17:49:59.000-05:00  INFO 15796 --- [GestorOdontologico] [JavaFX-Launcher] o.h.c.internal.RegionFactoryInitiator    : HHH000026: Second-level cache disabled
2025-11-24T17:49:59.309-05:00  INFO 15796 --- [GestorOdontologico] [JavaFX-Launcher] o.s.o.j.p.SpringPersistenceUnitInfo      : No LoadTimeWeaver setup: ignoring JPA class transformer
2025-11-24T17:49:59.346-05:00  INFO 15796 --- [GestorOdontologico] [JavaFX-Launcher] com.zaxxer.hikari.HikariDataSource       : HikariPool-1 - Starting...
2025-11-24T17:49:59.499-05:00  INFO 15796 --- [GestorOdontologico] [JavaFX-Launcher] com.zaxxer.hikari.pool.HikariPool        : HikariPool-1 - Added connection org.sqlite.jdbc4.JDBC4Connection@1c95cd74
2025-11-24T17:49:59.501-05:00  INFO 15796 --- [GestorOdontologico] [JavaFX-Launcher] com.zaxxer.hikari.HikariDataSource       : HikariPool-1 - Start completed.
2025-11-24T17:49:59.563-05:00  INFO 15796 --- [GestorOdontologico] [JavaFX-Launcher] org.hibernate.orm.connections.pooling    : HHH10001005: Database info:
	Database JDBC URL [Connecting through datasource 'HikariDataSource (HikariPool-1)']
	Database driver: undefined/unknown
	Database version: 3.46
	Autocommit mode: undefined/unknown
	Isolation level: undefined/unknown
	Minimum pool size: undefined/unknown
	Maximum pool size: undefined/unknown
2025-11-24T17:50:00.558-05:00  INFO 15796 --- [GestorOdontologico] [JavaFX-Launcher] o.h.e.t.j.p.i.JtaPlatformInitiator       : HHH000489: No JTA platform available (set 'hibernate.transaction.jta.platform' to enable JTA platform integration)
2025-11-24T17:50:00.593-05:00  INFO 15796 --- [GestorOdontologico] [JavaFX-Launcher] j.LocalContainerEntityManagerFactoryBean : Initialized JPA EntityManagerFactory for persistence unit 'default'
2025-11-24T17:50:01.030-05:00  INFO 15796 --- [GestorOdontologico] [JavaFX-Launcher] o.s.d.j.r.query.QueryEnhancerFactory     : Hibernate is in classpath; If applicable, HQL parser will be used.
2025-11-24T17:50:01.207-05:00  INFO 15796 --- [GestorOdontologico] [JavaFX-Launcher] o.s.boot.SpringApplication               : Started application in 4.118 seconds (process running for 5.17)
2025-11-24T17:52:14.227-05:00  INFO 15796 --- [GestorOdontologico] [SpringApplicationShutdownHook] j.LocalContainerEntityManagerFactoryBean : Closing JPA EntityManagerFactory for persistence unit 'default'
2025-11-24T17:52:14.234-05:00  INFO 15796 --- [GestorOdontologico] [SpringApplicationShutdownHook] com.zaxxer.hikari.HikariDataSource       : HikariPool-1 - Shutdown initiated...
2025-11-24T17:52:14.241-05:00  INFO 15796 --- [GestorOdontologico] [SpringApplicationShutdownHook] com.zaxxer.hikari.HikariDataSource       : HikariPool-1 - Shutdown completed.
2025-11-24T17:52:57.311-05:00  INFO 16148 --- [GestorOdontologico] [JavaFX-Launcher] o.s.boot.SpringApplication               : Starting application using Java 24.0.2 with PID 16148 (started by ASUS Vivobook in C:\Users\ASUS Vivobook\Downloads\GestordecitasOdontologicoFi_fixed_complete)
2025-11-24T17:52:57.315-05:00  INFO 16148 --- [GestorOdontologico] [JavaFX-Launcher] o.s.boot.SpringApplication               : No active profile set, falling back to 1 default profile: "default"
2025-11-24T17:52:58.287-05:00  INFO 16148 --- [GestorOdontologico] [JavaFX-Launcher] .s.d.r.c.RepositoryConfigurationDelegate : Bootstrapping Spring Data JPA repositories in DEFAULT mode.
2025-11-24T17:52:58.407-05:00  INFO 16148 --- [GestorOdontologico] [JavaFX-Launcher] .s.d.r.c.RepositoryConfigurationDelegate : Finished Spring Data repository scanning in 106 ms. Found 6 JPA repository interfaces.
2025-11-24T17:52:58.889-05:00  INFO 16148 --- [GestorOdontologico] [JavaFX-Launcher] o.hibernate.jpa.internal.util.LogHelper  : HHH000204: Processing PersistenceUnitInfo [name: default]
2025-11-24T17:52:58.967-05:00  INFO 16148 --- [GestorOdontologico] [JavaFX-Launcher] org.hibernate.Version                    : HHH000412: Hibernate ORM core version 6.6.29.Final
2025-11-24T17:52:59.017-05:00  INFO 16148 --- [GestorOdontologico] [JavaFX-Launcher] o.h.c.internal.RegionFactoryInitiator    : HHH000026: Second-level cache disabled
2025-11-24T17:52:59.513-05:00  INFO 16148 --- [GestorOdontologico] [JavaFX-Launcher] o.s.o.j.p.SpringPersistenceUnitInfo      : No LoadTimeWeaver setup: ignoring JPA class transformer
2025-11-24T17:52:59.562-05:00  INFO 16148 --- [GestorOdontologico] [JavaFX-Launcher] com.zaxxer.hikari.HikariDataSource       : HikariPool-1 - Starting...
2025-11-24T17:52:59.710-05:00  INFO 16148 --- [GestorOdontologico] [JavaFX-Launcher] com.zaxxer.hikari.pool.HikariPool        : HikariPool-1 - Added connection org.sqlite.jdbc4.JDBC4Connection@3f8b34bd
2025-11-24T17:52:59.712-05:00  INFO 16148 --- [GestorOdontologico] [JavaFX-Launcher] com.zaxxer.hikari.HikariDataSource       : HikariPool-1 - Start completed.
2025-11-24T17:52:59.776-05:00  INFO 16148 --- [GestorOdontologico] [JavaFX-Launcher] org.hibernate.orm.connections.pooling    : HHH10001005: Database info:
	Database JDBC URL [Connecting through datasource 'HikariDataSource (HikariPool-1)']
	Database driver: undefined/unknown
	Database version: 3.46
	Autocommit mode: undefined/unknown
	Isolation level: undefined/unknown
	Minimum pool size: undefined/unknown
	Maximum pool size: undefined/unknown
2025-11-24T17:53:01.072-05:00  INFO 16148 --- [GestorOdontologico] [JavaFX-Launcher] o.h.e.t.j.p.i.JtaPlatformInitiator       : HHH000489: No JTA platform available (set 'hibernate.transaction.jta.platform' to enable JTA platform integration)
2025-11-24T17:53:01.119-05:00  INFO 16148 --- [GestorOdontologico] [JavaFX-Launcher] j.LocalContainerEntityManagerFactoryBean : Initialized JPA EntityManagerFactory for persistence unit 'default'
2025-11-24T17:53:01.663-05:00  INFO 16148 --- [GestorOdontologico] [JavaFX-Launcher] o.s.d.j.r.query.QueryEnhancerFactory     : Hibernate is in classpath; If applicable, HQL parser will be used.
2025-11-24T17:53:01.903-05:00  INFO 16148 --- [GestorOdontologico] [JavaFX-Launcher] o.s.boot.SpringApplication               : Started application in 5.263 seconds (process running for 6.496)
2025-11-24T18:20:04.579-05:00  WARN 16148 --- [GestorOdontologico] [HikariPool-1:housekeeper] com.zaxxer.hikari.pool.HikariPool        : HikariPool-1 - Thread starvation or clock leap detected (housekeeper delta=2m4s580ms429µs700ns).
2025-11-24T18:21:11.097-05:00  INFO 16148 --- [GestorOdontologico] [SpringApplicationShutdownHook] j.LocalContainerEntityManagerFactoryBean : Closing JPA EntityManagerFactory for persistence unit 'default'
2025-11-24T18:21:11.102-05:00  INFO 16148 --- [GestorOdontologico] [SpringApplicationShutdownHook] com.zaxxer.hikari.HikariDataSource       : HikariPool-1 - Shutdown initiated...
2025-11-24T18:21:11.105-05:00  INFO 16148 --- [GestorOdontologico] [SpringApplicationShutdownHook] com.zaxxer.hikari.HikariDataSource       : HikariPool-1 - Shutdown completed.
2025-11-24T18:21:17.660-05:00  INFO 20844 --- [GestorOdontologico] [JavaFX-Launcher] o.s.boot.SpringApplication               : Starting application using Java 24.0.2 with PID 20844 (started by ASUS Vivobook in C:\Users\ASUS Vivobook\Downloads\GestordecitasOdontologicoFi_fixed_complete)
2025-11-24T18:21:17.663-05:00  INFO 20844 --- [GestorOdontologico] [JavaFX-Launcher] o.s.boot.SpringApplication               : No active profile set, falling back to 1 default profile: "default"
2025-11-24T18:21:18.595-05:00  INFO 20844 --- [GestorOdontologico] [JavaFX-Launcher] .s.d.r.c.RepositoryConfigurationDelegate : Bootstrapping Spring Data JPA repositories in DEFAULT mode.
2025-11-24T18:21:18.720-05:00  INFO 20844 --- [GestorOdontologico] [JavaFX-Launcher] .s.d.r.c.RepositoryConfigurationDelegate : Finished Spring Data repository scanning in 111 ms. Found 6 JPA repository interfaces.
2025-11-24T18:21:19.180-05:00  INFO 20844 --- [GestorOdontologico] [JavaFX-Launcher] o.hibernate.jpa.internal.util.LogHelper  : HHH000204: Processing PersistenceUnitInfo [name: default]
2025-11-24T18:21:19.252-05:00  INFO 20844 --- [GestorOdontologico] [JavaFX-Launcher] org.hibernate.Version                    : HHH000412: Hibernate ORM core version 6.6.29.Final
2025-11-24T18:21:19.291-05:00  INFO 20844 --- [GestorOdontologico] [JavaFX-Launcher] o.h.c.internal.RegionFactoryInitiator    : HHH000026: Second-level cache disabled
2025-11-24T18:21:19.706-05:00  INFO 20844 --- [GestorOdontologico] [JavaFX-Launcher] o.s.o.j.p.SpringPersistenceUnitInfo      : No LoadTimeWeaver setup: ignoring JPA class transformer
2025-11-24T18:21:19.749-05:00  INFO 20844 --- [GestorOdontologico] [JavaFX-Launcher] com.zaxxer.hikari.HikariDataSource       : HikariPool-1 - Starting...
2025-11-24T18:21:19.896-05:00  INFO 20844 --- [GestorOdontologico] [JavaFX-Launcher] com.zaxxer.hikari.pool.HikariPool        : HikariPool-1 - Added connection org.sqlite.jdbc4.JDBC4Connection@2ee25880
2025-11-24T18:21:19.898-05:00  INFO 20844 --- [GestorOdontologico] [JavaFX-Launcher] com.zaxxer.hikari.HikariDataSource       : HikariPool-1 - Start completed.
2025-11-24T18:21:19.955-05:00  INFO 20844 --- [GestorOdontologico] [JavaFX-Launcher] org.hibernate.orm.connections.pooling    : HHH10001005: Database info:
	Database JDBC URL [Connecting through datasource 'HikariDataSource (HikariPool-1)']
	Database driver: undefined/unknown
	Database version: 3.46
	Autocommit mode: undefined/unknown
	Isolation level: undefined/unknown
	Minimum pool size: undefined/unknown
	Maximum pool size: undefined/unknown
2025-11-24T18:21:21.280-05:00  INFO 20844 --- [GestorOdontologico] [JavaFX-Launcher] o.h.e.t.j.p.i.JtaPlatformInitiator       : HHH000489: No JTA platform available (set 'hibernate.transaction.jta.platform' to enable JTA platform integration)
2025-11-24T18:21:21.325-05:00  INFO 20844 --- [GestorOdontologico] [JavaFX-Launcher] j.LocalContainerEntityManagerFactoryBean : Initialized JPA EntityManagerFactory for persistence unit 'default'
2025-11-24T18:21:21.835-05:00  INFO 20844 --- [GestorOdontologico] [JavaFX-Launcher] o.s.d.j.r.query.QueryEnhancerFactory     : Hibernate is in classpath; If applicable, HQL parser will be used.
2025-11-24T18:21:22.030-05:00  INFO 20844 --- [GestorOdontologico] [JavaFX-Launcher] o.s.boot.SpringApplication               : Started application in 5.044 seconds (process running for 6.195)
2025-11-24T18:24:32.313-05:00  INFO 20844 --- [GestorOdontologico] [SpringApplicationShutdownHook] j.LocalContainerEntityManagerFactoryBean : Closing JPA EntityManagerFactory for persistence unit 'default'
2025-11-24T18:24:32.316-05:00  INFO 20844 --- [GestorOdontologico] [SpringApplicationShutdownHook] com.zaxxer.hikari.HikariDataSource       : HikariPool-1 - Shutdown initiated...
2025-11-24T18:24:32.321-05:00  INFO 20844 --- [GestorOdontologico] [SpringApplicationShutdownHook] com.zaxxer.hikari.HikariDataSource       : HikariPool-1 - Shutdown completed.
2025-11-24T18:24:38.944-05:00  INFO 5172 --- [GestorOdontologico] [JavaFX-Launcher] o.s.boot.SpringApplication               : Starting application using Java 24.0.2 with PID 5172 (started by ASUS Vivobook in C:\Users\ASUS Vivobook\Downloads\GestordecitasOdontologicoFi_fixed_complete)
2025-11-24T18:24:38.948-05:00  INFO 5172 --- [GestorOdontologico] [JavaFX-Launcher] o.s.boot.SpringApplication               : No active profile set, falling back to 1 default profile: "default"
2025-11-24T18:24:39.965-05:00  INFO 5172 --- [GestorOdontologico] [JavaFX-Launcher] .s.d.r.c.RepositoryConfigurationDelegate : Bootstrapping Spring Data JPA repositories in DEFAULT mode.
2025-11-24T18:24:40.091-05:00  INFO 5172 --- [GestorOdontologico] [JavaFX-Launcher] .s.d.r.c.RepositoryConfigurationDelegate : Finished Spring Data repository scanning in 109 ms. Found 6 JPA repository interfaces.
2025-11-24T18:24:40.541-05:00  INFO 5172 --- [GestorOdontologico] [JavaFX-Launcher] o.hibernate.jpa.internal.util.LogHelper  : HHH000204: Processing PersistenceUnitInfo [name: default]
2025-11-24T18:24:40.631-05:00  INFO 5172 --- [GestorOdontologico] [JavaFX-Launcher] org.hibernate.Version                    : HHH000412: Hibernate ORM core version 6.6.29.Final
2025-11-24T18:24:40.689-05:00  INFO 5172 --- [GestorOdontologico] [JavaFX-Launcher] o.h.c.internal.RegionFactoryInitiator    : HHH000026: Second-level cache disabled
2025-11-24T18:24:41.120-05:00  INFO 5172 --- [GestorOdontologico] [JavaFX-Launcher] o.s.o.j.p.SpringPersistenceUnitInfo      : No LoadTimeWeaver setup: ignoring JPA class transformer
2025-11-24T18:24:41.166-05:00  INFO 5172 --- [GestorOdontologico] [JavaFX-Launcher] com.zaxxer.hikari.HikariDataSource       : HikariPool-1 - Starting...
2025-11-24T18:24:41.332-05:00  INFO 5172 --- [GestorOdontologico] [JavaFX-Launcher] com.zaxxer.hikari.pool.HikariPool        : HikariPool-1 - Added connection org.sqlite.jdbc4.JDBC4Connection@43e4b050
2025-11-24T18:24:41.335-05:00  INFO 5172 --- [GestorOdontologico] [JavaFX-Launcher] com.zaxxer.hikari.HikariDataSource       : HikariPool-1 - Start completed.
2025-11-24T18:24:41.392-05:00  INFO 5172 --- [GestorOdontologico] [JavaFX-Launcher] org.hibernate.orm.connections.pooling    : HHH10001005: Database info:
	Database JDBC URL [Connecting through datasource 'HikariDataSource (HikariPool-1)']
	Database driver: undefined/unknown
	Database version: 3.46
	Autocommit mode: undefined/unknown
	Isolation level: undefined/unknown
	Minimum pool size: undefined/unknown
	Maximum pool size: undefined/unknown
2025-11-24T18:24:42.600-05:00  INFO 5172 --- [GestorOdontologico] [JavaFX-Launcher] o.h.e.t.j.p.i.JtaPlatformInitiator       : HHH000489: No JTA platform available (set 'hibernate.transaction.jta.platform' to enable JTA platform integration)
2025-11-24T18:24:42.636-05:00  INFO 5172 --- [GestorOdontologico] [JavaFX-Launcher] j.LocalContainerEntityManagerFactoryBean : Initialized JPA EntityManagerFactory for persistence unit 'default'
2025-11-24T18:24:43.034-05:00  INFO 5172 --- [GestorOdontologico] [JavaFX-Launcher] o.s.d.j.r.query.QueryEnhancerFactory     : Hibernate is in classpath; If applicable, HQL parser will be used.
2025-11-24T18:24:43.217-05:00  INFO 5172 --- [GestorOdontologico] [JavaFX-Launcher] o.s.boot.SpringApplication               : Started application in 4.942 seconds (process running for 6.074)
2025-11-24T18:44:17.804-05:00  INFO 5172 --- [GestorOdontologico] [SpringApplicationShutdownHook] j.LocalContainerEntityManagerFactoryBean : Closing JPA EntityManagerFactory for persistence unit 'default'
2025-11-24T18:44:17.807-05:00  INFO 5172 --- [GestorOdontologico] [SpringApplicationShutdownHook] com.zaxxer.hikari.HikariDataSource       : HikariPool-1 - Shutdown initiated...
2025-11-24T18:44:17.814-05:00  INFO 5172 --- [GestorOdontologico] [SpringApplicationShutdownHook] com.zaxxer.hikari.HikariDataSource       : HikariPool-1 - Shutdown completed.
2025-11-24T18:44:23.316-05:00  INFO 19212 --- [GestorOdontologico] [JavaFX-Launcher] o.s.boot.SpringApplication               : Starting application using Java 24.0.2 with PID 19212 (started by ASUS Vivobook in C:\Users\ASUS Vivobook\Downloads\GestordecitasOdontologicoFi_fixed_complete)
2025-11-24T18:44:23.319-05:00  INFO 19212 --- [GestorOdontologico] [JavaFX-Launcher] o.s.boot.SpringApplication               : No active profile set, falling back to 1 default profile: "default"
2025-11-24T18:44:24.416-05:00  INFO 19212 --- [GestorOdontologico] [JavaFX-Launcher] .s.d.r.c.RepositoryConfigurationDelegate : Bootstrapping Spring Data JPA repositories in DEFAULT mode.
2025-11-24T18:44:24.565-05:00  INFO 19212 --- [GestorOdontologico] [JavaFX-Launcher] .s.d.r.c.RepositoryConfigurationDelegate : Finished Spring Data repository scanning in 134 ms. Found 6 JPA repository interfaces.
2025-11-24T18:44:25.059-05:00  INFO 19212 --- [GestorOdontologico] [JavaFX-Launcher] o.hibernate.jpa.internal.util.LogHelper  : HHH000204: Processing PersistenceUnitInfo [name: default]
2025-11-24T18:44:25.146-05:00  INFO 19212 --- [GestorOdontologico] [JavaFX-Launcher] org.hibernate.Version                    : HHH000412: Hibernate ORM core version 6.6.29.Final
2025-11-24T18:44:25.200-05:00  INFO 19212 --- [GestorOdontologico] [JavaFX-Launcher] o.h.c.internal.RegionFactoryInitiator    : HHH000026: Second-level cache disabled
2025-11-24T18:44:25.661-05:00  INFO 19212 --- [GestorOdontologico] [JavaFX-Launcher] o.s.o.j.p.SpringPersistenceUnitInfo      : No LoadTimeWeaver setup: ignoring JPA class transformer
2025-11-24T18:44:25.709-05:00  INFO 19212 --- [GestorOdontologico] [JavaFX-Launcher] com.zaxxer.hikari.HikariDataSource       : HikariPool-1 - Starting...
2025-11-24T18:44:25.863-05:00  INFO 19212 --- [GestorOdontologico] [JavaFX-Launcher] com.zaxxer.hikari.pool.HikariPool        : HikariPool-1 - Added connection org.sqlite.jdbc4.JDBC4Connection@517b272d
2025-11-24T18:44:25.867-05:00  INFO 19212 --- [GestorOdontologico] [JavaFX-Launcher] com.zaxxer.hikari.HikariDataSource       : HikariPool-1 - Start completed.
2025-11-24T18:44:25.926-05:00  INFO 19212 --- [GestorOdontologico] [JavaFX-Launcher] org.hibernate.orm.connections.pooling    : HHH10001005: Database info:
	Database JDBC URL [Connecting through datasource 'HikariDataSource (HikariPool-1)']
	Database driver: undefined/unknown
	Database version: 3.46
	Autocommit mode: undefined/unknown
	Isolation level: undefined/unknown
	Minimum pool size: undefined/unknown
	Maximum pool size: undefined/unknown
2025-11-24T18:44:27.372-05:00  INFO 19212 --- [GestorOdontologico] [JavaFX-Launcher] o.h.e.t.j.p.i.JtaPlatformInitiator       : HHH000489: No JTA platform available (set 'hibernate.transaction.jta.platform' to enable JTA platform integration)
2025-11-24T18:44:27.426-05:00  INFO 19212 --- [GestorOdontologico] [JavaFX-Launcher] j.LocalContainerEntityManagerFactoryBean : Initialized JPA EntityManagerFactory for persistence unit 'default'
2025-11-24T18:44:27.932-05:00  INFO 19212 --- [GestorOdontologico] [JavaFX-Launcher] o.s.d.j.r.query.QueryEnhancerFactory     : Hibernate is in classpath; If applicable, HQL parser will be used.
2025-11-24T18:44:28.148-05:00  INFO 19212 --- [GestorOdontologico] [JavaFX-Launcher] o.s.boot.SpringApplication               : Started application in 5.551 seconds (process running for 6.82)
2025-11-24T18:45:20.455-05:00  INFO 19212 --- [GestorOdontologico] [JavaFX Application Thread] j.LocalContainerEntityManagerFactoryBean : Closing JPA EntityManagerFactory for persistence unit 'default'
2025-11-24T18:45:20.459-05:00  INFO 19212 --- [GestorOdontologico] [JavaFX Application Thread] com.zaxxer.hikari.HikariDataSource       : HikariPool-1 - Shutdown initiated...
2025-11-24T18:45:20.468-05:00  INFO 19212 --- [GestorOdontologico] [JavaFX Application Thread] com.zaxxer.hikari.HikariDataSource       : HikariPool-1 - Shutdown completed.
2025-11-24T18:45:25.725-05:00  INFO 17476 --- [GestorOdontologico] [JavaFX-Launcher] o.s.boot.SpringApplication               : Starting application using Java 24.0.2 with PID 17476 (started by ASUS Vivobook in C:\Users\ASUS Vivobook\Downloads\GestordecitasOdontologicoFi_fixed_complete)
2025-11-24T18:45:25.729-05:00  INFO 17476 --- [GestorOdontologico] [JavaFX-Launcher] o.s.boot.SpringApplication               : No active profile set, falling back to 1 default profile: "default"
2025-11-24T18:45:26.725-05:00  INFO 17476 --- [GestorOdontologico] [JavaFX-Launcher] .s.d.r.c.RepositoryConfigurationDelegate : Bootstrapping Spring Data JPA repositories in DEFAULT mode.
2025-11-24T18:45:26.861-05:00  INFO 17476 --- [GestorOdontologico] [JavaFX-Launcher] .s.d.r.c.RepositoryConfigurationDelegate : Finished Spring Data repository scanning in 122 ms. Found 6 JPA repository interfaces.
2025-11-24T18:45:27.381-05:00  INFO 17476 --- [GestorOdontologico] [JavaFX-Launcher] o.hibernate.jpa.internal.util.LogHelper  : HHH000204: Processing PersistenceUnitInfo [name: default]
2025-11-24T18:45:27.456-05:00  INFO 17476 --- [GestorOdontologico] [JavaFX-Launcher] org.hibernate.Version                    : HHH000412: Hibernate ORM core version 6.6.29.Final
2025-11-24T18:45:27.503-05:00  INFO 17476 --- [GestorOdontologico] [JavaFX-Launcher] o.h.c.internal.RegionFactoryInitiator    : HHH000026: Second-level cache disabled
2025-11-24T18:45:27.973-05:00  INFO 17476 --- [GestorOdontologico] [JavaFX-Launcher] o.s.o.j.p.SpringPersistenceUnitInfo      : No LoadTimeWeaver setup: ignoring JPA class transformer
2025-11-24T18:45:28.017-05:00  INFO 17476 --- [GestorOdontologico] [JavaFX-Launcher] com.zaxxer.hikari.HikariDataSource       : HikariPool-1 - Starting...
2025-11-24T18:45:28.176-05:00  INFO 17476 --- [GestorOdontologico] [JavaFX-Launcher] com.zaxxer.hikari.pool.HikariPool        : HikariPool-1 - Added connection org.sqlite.jdbc4.JDBC4Connection@3ec87e23
2025-11-24T18:45:28.179-05:00  INFO 17476 --- [GestorOdontologico] [JavaFX-Launcher] com.zaxxer.hikari.HikariDataSource       : HikariPool-1 - Start completed.
2025-11-24T18:45:28.243-05:00  INFO 17476 --- [GestorOdontologico] [JavaFX-Launcher] org.hibernate.orm.connections.pooling    : HHH10001005: Database info:
	Database JDBC URL [Connecting through datasource 'HikariDataSource (HikariPool-1)']
	Database driver: undefined/unknown
	Database version: 3.46
	Autocommit mode: undefined/unknown
	Isolation level: undefined/unknown
	Minimum pool size: undefined/unknown
	Maximum pool size: undefined/unknown
2025-11-24T18:45:29.715-05:00  INFO 17476 --- [GestorOdontologico] [JavaFX-Launcher] o.h.e.t.j.p.i.JtaPlatformInitiator       : HHH000489: No JTA platform available (set 'hibernate.transaction.jta.platform' to enable JTA platform integration)
2025-11-24T18:45:29.765-05:00  INFO 17476 --- [GestorOdontologico] [JavaFX-Launcher] j.LocalContainerEntityManagerFactoryBean : Initialized JPA EntityManagerFactory for persistence unit 'default'
2025-11-24T18:45:30.315-05:00  INFO 17476 --- [GestorOdontologico] [JavaFX-Launcher] o.s.d.j.r.query.QueryEnhancerFactory     : Hibernate is in classpath; If applicable, HQL parser will be used.
2025-11-24T18:45:30.531-05:00  INFO 17476 --- [GestorOdontologico] [JavaFX-Launcher] o.s.boot.SpringApplication               : Started application in 5.548 seconds (process running for 6.764)
2025-11-24T19:02:32.725-05:00  WARN 17476 --- [GestorOdontologico] [HikariPool-1:housekeeper] com.zaxxer.hikari.pool.HikariPool        : HikariPool-1 - Thread starvation or clock leap detected (housekeeper delta=2m34s237ms544µs500ns).
2025-11-24T19:04:51.539-05:00  INFO 17476 --- [GestorOdontologico] [SpringApplicationShutdownHook] j.LocalContainerEntityManagerFactoryBean : Closing JPA EntityManagerFactory for persistence unit 'default'
2025-11-24T19:04:51.546-05:00  INFO 17476 --- [GestorOdontologico] [SpringApplicationShutdownHook] com.zaxxer.hikari.HikariDataSource       : HikariPool-1 - Shutdown initiated...
2025-11-24T19:04:51.557-05:00  INFO 17476 --- [GestorOdontologico] [SpringApplicationShutdownHook] com.zaxxer.hikari.HikariDataSource       : HikariPool-1 - Shutdown completed.
2025-11-25T07:36:20.719-05:00  INFO 7456 --- [GestorOdontologico] [JavaFX-Launcher] o.s.boot.SpringApplication               : Starting application using Java 17.0.14 with PID 7456 (started by brayan in C:\Brayan_POO\C2-G2BRAYAN\project_beige\GestordecitasOdontologicoFi_fixed_complete)
2025-11-25T07:36:20.724-05:00  INFO 7456 --- [GestorOdontologico] [JavaFX-Launcher] o.s.boot.SpringApplication               : No active profile set, falling back to 1 default profile: "default"
2025-11-25T07:36:22.260-05:00  INFO 7456 --- [GestorOdontologico] [JavaFX-Launcher] .s.d.r.c.RepositoryConfigurationDelegate : Bootstrapping Spring Data JPA repositories in DEFAULT mode.
2025-11-25T07:36:22.407-05:00  INFO 7456 --- [GestorOdontologico] [JavaFX-Launcher] .s.d.r.c.RepositoryConfigurationDelegate : Finished Spring Data repository scanning in 129 ms. Found 6 JPA repository interfaces.
2025-11-25T07:36:22.969-05:00  INFO 7456 --- [GestorOdontologico] [JavaFX-Launcher] o.hibernate.jpa.internal.util.LogHelper  : HHH000204: Processing PersistenceUnitInfo [name: default]
2025-11-25T07:36:23.063-05:00  INFO 7456 --- [GestorOdontologico] [JavaFX-Launcher] org.hibernate.Version                    : HHH000412: Hibernate ORM core version 6.6.29.Final
2025-11-25T07:36:23.114-05:00  INFO 7456 --- [GestorOdontologico] [JavaFX-Launcher] o.h.c.internal.RegionFactoryInitiator    : HHH000026: Second-level cache disabled
2025-11-25T07:36:23.674-05:00  INFO 7456 --- [GestorOdontologico] [JavaFX-Launcher] o.s.o.j.p.SpringPersistenceUnitInfo      : No LoadTimeWeaver setup: ignoring JPA class transformer
2025-11-25T07:36:23.725-05:00  INFO 7456 --- [GestorOdontologico] [JavaFX-Launcher] com.zaxxer.hikari.HikariDataSource       : HikariPool-1 - Starting...
2025-11-25T07:36:23.924-05:00  INFO 7456 --- [GestorOdontologico] [JavaFX-Launcher] com.zaxxer.hikari.pool.HikariPool        : HikariPool-1 - Added connection org.sqlite.jdbc4.JDBC4Connection@47fe491a
2025-11-25T07:36:23.926-05:00  INFO 7456 --- [GestorOdontologico] [JavaFX-Launcher] com.zaxxer.hikari.HikariDataSource       : HikariPool-1 - Start completed.
2025-11-25T07:36:23.989-05:00  INFO 7456 --- [GestorOdontologico] [JavaFX-Launcher] org.hibernate.orm.connections.pooling    : HHH10001005: Database info:
	Database JDBC URL [Connecting through datasource 'HikariDataSource (HikariPool-1)']
	Database driver: undefined/unknown
	Database version: 3.46
	Autocommit mode: undefined/unknown
	Isolation level: undefined/unknown
	Minimum pool size: undefined/unknown
	Maximum pool size: undefined/unknown
2025-11-25T07:36:25.545-05:00  INFO 7456 --- [GestorOdontologico] [JavaFX-Launcher] o.h.e.t.j.p.i.JtaPlatformInitiator       : HHH000489: No JTA platform available (set 'hibernate.transaction.jta.platform' to enable JTA platform integration)
2025-11-25T07:36:25.607-05:00  INFO 7456 --- [GestorOdontologico] [JavaFX-Launcher] j.LocalContainerEntityManagerFactoryBean : Initialized JPA EntityManagerFactory for persistence unit 'default'
2025-11-25T07:36:26.224-05:00  INFO 7456 --- [GestorOdontologico] [JavaFX-Launcher] o.s.d.j.r.query.QueryEnhancerFactory     : Hibernate is in classpath; If applicable, HQL parser will be used.
2025-11-25T07:36:26.526-05:00  INFO 7456 --- [GestorOdontologico] [JavaFX-Launcher] o.s.boot.SpringApplication               : Started application in 6.867 seconds (process running for 9.809)
2025-11-25T07:37:19.833-05:00  INFO 7456 --- [GestorOdontologico] [JavaFX Application Thread] j.LocalContainerEntityManagerFactoryBean : Closing JPA EntityManagerFactory for persistence unit 'default'
2025-11-25T07:37:19.840-05:00  INFO 7456 --- [GestorOdontologico] [JavaFX Application Thread] com.zaxxer.hikari.HikariDataSource       : HikariPool-1 - Shutdown initiated...
2025-11-25T07:37:19.849-05:00  INFO 7456 --- [GestorOdontologico] [JavaFX Application Thread] com.zaxxer.hikari.HikariDataSource       : HikariPool-1 - Shutdown completed.
