2025-11-25T07:32:31.369-05:00  INFO 21112 --- [GestorOdontologico] [JavaFX-Launcher] o.s.boot.SpringApplication               : Starting application using Java 17.0.16 with PID 21112 (started by brayan in C:\Brayan_POO\C2-G2BRAYAN\GestordecitasOdontologicoFi_fixed_complete (2) (1)\GestordecitasOdontologicoFi_fixed_complete)
2025-11-25T07:32:31.379-05:00  INFO 21112 --- [GestorOdontologico] [JavaFX-Launcher] o.s.boot.SpringApplication               : No active profile set, falling back to 1 default profile: "default"
2025-11-25T07:32:32.753-05:00  INFO 21112 --- [GestorOdontologico] [JavaFX-Launcher] .s.d.r.c.RepositoryConfigurationDelegate : Bootstrapping Spring Data JPA repositories in DEFAULT mode.
2025-11-25T07:32:32.890-05:00  INFO 21112 --- [GestorOdontologico] [JavaFX-Launcher] .s.d.r.c.RepositoryConfigurationDelegate : Finished Spring Data repository scanning in 120 ms. Found 6 JPA repository interfaces.
2025-11-25T07:32:33.525-05:00  INFO 21112 --- [GestorOdontologico] [JavaFX-Launcher] o.hibernate.jpa.internal.util.LogHelper  : HHH000204: Processing PersistenceUnitInfo [name: default]
2025-11-25T07:32:33.617-05:00  INFO 21112 --- [GestorOdontologico] [JavaFX-Launcher] org.hibernate.Version                    : HHH000412: Hibernate ORM core version 6.6.29.Final
2025-11-25T07:32:33.665-05:00  INFO 21112 --- [GestorOdontologico] [JavaFX-Launcher] o.h.c.internal.RegionFactoryInitiator    : HHH000026: Second-level cache disabled
2025-11-25T07:32:34.141-05:00  INFO 21112 --- [GestorOdontologico] [JavaFX-Launcher] o.s.o.j.p.SpringPersistenceUnitInfo      : No LoadTimeWeaver setup: ignoring JPA class transformer
2025-11-25T07:32:34.203-05:00  INFO 21112 --- [GestorOdontologico] [JavaFX-Launcher] com.zaxxer.hikari.HikariDataSource       : HikariPool-1 - Starting...
2025-11-25T07:32:34.455-05:00  INFO 21112 --- [GestorOdontologico] [JavaFX-Launcher] com.zaxxer.hikari.pool.HikariPool        : HikariPool-1 - Added connection org.sqlite.jdbc4.JDBC4Connection@1bd82888
2025-11-25T07:32:34.457-05:00  INFO 21112 --- [GestorOdontologico] [JavaFX-Launcher] com.zaxxer.hikari.HikariDataSource       : HikariPool-1 - Start completed.
2025-11-25T07:32:34.508-05:00  INFO 21112 --- [GestorOdontologico] [JavaFX-Launcher] org.hibernate.orm.connections.pooling    : HHH10001005: Database info:
	Database JDBC URL [Connecting through datasource 'HikariDataSource (HikariPool-1)']
	Database driver: undefined/unknown
	Database version: 3.46
	Autocommit mode: undefined/unknown
	Isolation level: undefined/unknown
	Minimum pool size: undefined/unknown
	Maximum pool size: undefined/unknown
2025-11-25T07:32:36.190-05:00  INFO 21112 --- [GestorOdontologico] [JavaFX-Launcher] o.h.e.t.j.p.i.JtaPlatformInitiator       : HHH000489: No JTA platform available (set 'hibernate.transaction.jta.platform' to enable JTA platform integration)
2025-11-25T07:32:36.244-05:00  INFO 21112 --- [GestorOdontologico] [JavaFX-Launcher] j.LocalContainerEntityManagerFactoryBean : Initialized JPA EntityManagerFactory for persistence unit 'default'
2025-11-25T07:32:36.897-05:00  INFO 21112 --- [GestorOdontologico] [JavaFX-Launcher] o.s.d.j.r.query.QueryEnhancerFactory     : Hibernate is in classpath; If applicable, HQL parser will be used.
2025-11-25T07:32:37.226-05:00  INFO 21112 --- [GestorOdontologico] [JavaFX-Launcher] o.s.boot.SpringApplication               : Started application in 6.607 seconds (process running for 8.032)
2025-11-25T07:39:34.851-05:00  INFO 21112 --- [GestorOdontologico] [SpringApplicationShutdownHook] j.LocalContainerEntityManagerFactoryBean : Closing JPA EntityManagerFactory for persistence unit 'default'
2025-11-25T07:39:34.863-05:00  INFO 21112 --- [GestorOdontologico] [SpringApplicationShutdownHook] com.zaxxer.hikari.HikariDataSource       : HikariPool-1 - Shutdown initiated...
2025-11-25T07:39:34.873-05:00  INFO 21112 --- [GestorOdontologico] [SpringApplicationShutdownHook] com.zaxxer.hikari.HikariDataSource       : HikariPool-1 - Shutdown completed.
2025-11-25T08:01:31.830-05:00  INFO 12280 --- [GestorOdontologico] [JavaFX-Launcher] o.s.boot.SpringApplication               : Starting application using Java 17.0.16 with PID 12280 (started by brayan in C:\Brayan_POO\C2-G2BRAYAN\GestorOdontologico_color_full)
2025-11-25T08:01:31.835-05:00  INFO 12280 --- [GestorOdontologico] [JavaFX-Launcher] o.s.boot.SpringApplication               : No active profile set, falling back to 1 default profile: "default"
2025-11-25T08:01:33.364-05:00  INFO 12280 --- [GestorOdontologico] [JavaFX-Launcher] .s.d.r.c.RepositoryConfigurationDelegate : Bootstrapping Spring Data JPA repositories in DEFAULT mode.
2025-11-25T08:01:33.502-05:00  INFO 12280 --- [GestorOdontologico] [JavaFX-Launcher] .s.d.r.c.RepositoryConfigurationDelegate : Finished Spring Data repository scanning in 123 ms. Found 6 JPA repository interfaces.
2025-11-25T08:01:34.156-05:00  INFO 12280 --- [GestorOdontologico] [JavaFX-Launcher] o.hibernate.jpa.internal.util.LogHelper  : HHH000204: Processing PersistenceUnitInfo [name: default]
2025-11-25T08:01:34.241-05:00  INFO 12280 --- [GestorOdontologico] [JavaFX-Launcher] org.hibernate.Version                    : HHH000412: Hibernate ORM core version 6.6.29.Final
2025-11-25T08:01:34.285-05:00  INFO 12280 --- [GestorOdontologico] [JavaFX-Launcher] o.h.c.internal.RegionFactoryInitiator    : HHH000026: Second-level cache disabled
2025-11-25T08:01:34.830-05:00  INFO 12280 --- [GestorOdontologico] [JavaFX-Launcher] o.s.o.j.p.SpringPersistenceUnitInfo      : No LoadTimeWeaver setup: ignoring JPA class transformer
2025-11-25T08:01:34.880-05:00  INFO 12280 --- [GestorOdontologico] [JavaFX-Launcher] com.zaxxer.hikari.HikariDataSource       : HikariPool-1 - Starting...
2025-11-25T08:01:35.089-05:00  INFO 12280 --- [GestorOdontologico] [JavaFX-Launcher] com.zaxxer.hikari.pool.HikariPool        : HikariPool-1 - Added connection org.sqlite.jdbc4.JDBC4Connection@6729dabe
2025-11-25T08:01:35.092-05:00  INFO 12280 --- [GestorOdontologico] [JavaFX-Launcher] com.zaxxer.hikari.HikariDataSource       : HikariPool-1 - Start completed.
2025-11-25T08:01:35.154-05:00  INFO 12280 --- [GestorOdontologico] [JavaFX-Launcher] org.hibernate.orm.connections.pooling    : HHH10001005: Database info:
	Database JDBC URL [Connecting through datasource 'HikariDataSource (HikariPool-1)']
	Database driver: undefined/unknown
	Database version: 3.46
	Autocommit mode: undefined/unknown
	Isolation level: undefined/unknown
	Minimum pool size: undefined/unknown
	Maximum pool size: undefined/unknown
2025-11-25T08:01:36.827-05:00  INFO 12280 --- [GestorOdontologico] [JavaFX-Launcher] o.h.e.t.j.p.i.JtaPlatformInitiator       : HHH000489: No JTA platform available (set 'hibernate.transaction.jta.platform' to enable JTA platform integration)
2025-11-25T08:01:36.880-05:00  INFO 12280 --- [GestorOdontologico] [JavaFX-Launcher] j.LocalContainerEntityManagerFactoryBean : Initialized JPA EntityManagerFactory for persistence unit 'default'
2025-11-25T08:01:37.485-05:00  INFO 12280 --- [GestorOdontologico] [JavaFX-Launcher] o.s.d.j.r.query.QueryEnhancerFactory     : Hibernate is in classpath; If applicable, HQL parser will be used.
2025-11-25T08:01:37.769-05:00  INFO 12280 --- [GestorOdontologico] [JavaFX-Launcher] o.s.boot.SpringApplication               : Started application in 6.932 seconds (process running for 8.68)
2025-11-25T08:06:37.000-05:00  INFO 12280 --- [GestorOdontologico] [SpringApplicationShutdownHook] j.LocalContainerEntityManagerFactoryBean : Closing JPA EntityManagerFactory for persistence unit 'default'
2025-11-25T08:06:37.013-05:00  INFO 12280 --- [GestorOdontologico] [SpringApplicationShutdownHook] com.zaxxer.hikari.HikariDataSource       : HikariPool-1 - Shutdown initiated...
2025-11-25T08:06:37.024-05:00  INFO 12280 --- [GestorOdontologico] [SpringApplicationShutdownHook] com.zaxxer.hikari.HikariDataSource       : HikariPool-1 - Shutdown completed.
2025-11-25T08:23:57.379-05:00  INFO 10052 --- [GestorOdontologico] [JavaFX-Launcher] o.s.boot.SpringApplication               : Starting application using Java 17.0.16 with PID 10052 (started by brayan in C:\Brayan_POO\C2-G2BRAYAN\GestorOdontologico_color_full)
2025-11-25T08:23:57.384-05:00  INFO 10052 --- [GestorOdontologico] [JavaFX-Launcher] o.s.boot.SpringApplication               : No active profile set, falling back to 1 default profile: "default"
2025-11-25T08:23:58.878-05:00  INFO 10052 --- [GestorOdontologico] [JavaFX-Launcher] .s.d.r.c.RepositoryConfigurationDelegate : Bootstrapping Spring Data JPA repositories in DEFAULT mode.
2025-11-25T08:23:59.030-05:00  INFO 10052 --- [GestorOdontologico] [JavaFX-Launcher] .s.d.r.c.RepositoryConfigurationDelegate : Finished Spring Data repository scanning in 134 ms. Found 6 JPA repository interfaces.
2025-11-25T08:23:59.692-05:00  INFO 10052 --- [GestorOdontologico] [JavaFX-Launcher] o.hibernate.jpa.internal.util.LogHelper  : HHH000204: Processing PersistenceUnitInfo [name: default]
2025-11-25T08:23:59.777-05:00  INFO 10052 --- [GestorOdontologico] [JavaFX-Launcher] org.hibernate.Version                    : HHH000412: Hibernate ORM core version 6.6.29.Final
2025-11-25T08:23:59.841-05:00  INFO 10052 --- [GestorOdontologico] [JavaFX-Launcher] o.h.c.internal.RegionFactoryInitiator    : HHH000026: Second-level cache disabled
2025-11-25T08:24:00.427-05:00  INFO 10052 --- [GestorOdontologico] [JavaFX-Launcher] o.s.o.j.p.SpringPersistenceUnitInfo      : No LoadTimeWeaver setup: ignoring JPA class transformer
2025-11-25T08:24:00.487-05:00  INFO 10052 --- [GestorOdontologico] [JavaFX-Launcher] com.zaxxer.hikari.HikariDataSource       : HikariPool-1 - Starting...
2025-11-25T08:24:00.754-05:00  INFO 10052 --- [GestorOdontologico] [JavaFX-Launcher] com.zaxxer.hikari.pool.HikariPool        : HikariPool-1 - Added connection org.sqlite.jdbc4.JDBC4Connection@553df062
2025-11-25T08:24:00.758-05:00  INFO 10052 --- [GestorOdontologico] [JavaFX-Launcher] com.zaxxer.hikari.HikariDataSource       : HikariPool-1 - Start completed.
2025-11-25T08:24:00.843-05:00  INFO 10052 --- [GestorOdontologico] [JavaFX-Launcher] org.hibernate.orm.connections.pooling    : HHH10001005: Database info:
	Database JDBC URL [Connecting through datasource 'HikariDataSource (HikariPool-1)']
	Database driver: undefined/unknown
	Database version: 3.46
	Autocommit mode: undefined/unknown
	Isolation level: undefined/unknown
	Minimum pool size: undefined/unknown
	Maximum pool size: undefined/unknown
2025-11-25T08:24:02.567-05:00  INFO 10052 --- [GestorOdontologico] [JavaFX-Launcher] o.h.e.t.j.p.i.JtaPlatformInitiator       : HHH000489: No JTA platform available (set 'hibernate.transaction.jta.platform' to enable JTA platform integration)
2025-11-25T08:24:02.620-05:00  INFO 10052 --- [GestorOdontologico] [JavaFX-Launcher] j.LocalContainerEntityManagerFactoryBean : Initialized JPA EntityManagerFactory for persistence unit 'default'
2025-11-25T08:24:03.269-05:00  INFO 10052 --- [GestorOdontologico] [JavaFX-Launcher] o.s.d.j.r.query.QueryEnhancerFactory     : Hibernate is in classpath; If applicable, HQL parser will be used.
2025-11-25T08:24:03.540-05:00  INFO 10052 --- [GestorOdontologico] [JavaFX-Launcher] o.s.boot.SpringApplication               : Started application in 7.305 seconds (process running for 8.598)
2025-11-25T08:31:27.863-05:00  WARN 10052 --- [GestorOdontologico] [HikariPool-1:housekeeper] com.zaxxer.hikari.pool.HikariPool        : HikariPool-1 - Thread starvation or clock leap detected (housekeeper delta=5m26s977ms88µs300ns).
2025-11-25T08:33:22.562-05:00  INFO 10052 --- [GestorOdontologico] [SpringApplicationShutdownHook] j.LocalContainerEntityManagerFactoryBean : Closing JPA EntityManagerFactory for persistence unit 'default'
2025-11-25T08:33:22.572-05:00  INFO 10052 --- [GestorOdontologico] [SpringApplicationShutdownHook] com.zaxxer.hikari.HikariDataSource       : HikariPool-1 - Shutdown initiated...
2025-11-25T08:33:22.583-05:00  INFO 10052 --- [GestorOdontologico] [SpringApplicationShutdownHook] com.zaxxer.hikari.HikariDataSource       : HikariPool-1 - Shutdown completed.
2025-11-25T08:33:31.605-05:00  INFO 20308 --- [GestorOdontologico] [JavaFX-Launcher] o.s.boot.SpringApplication               : Starting application using Java 17.0.16 with PID 20308 (started by brayan in C:\Brayan_POO\C2-G2BRAYAN\GestorOdontologico_color_full)
2025-11-25T08:33:31.611-05:00  INFO 20308 --- [GestorOdontologico] [JavaFX-Launcher] o.s.boot.SpringApplication               : No active profile set, falling back to 1 default profile: "default"
2025-11-25T08:33:32.861-05:00  INFO 20308 --- [GestorOdontologico] [JavaFX-Launcher] .s.d.r.c.RepositoryConfigurationDelegate : Bootstrapping Spring Data JPA repositories in DEFAULT mode.
2025-11-25T08:33:32.961-05:00  INFO 20308 --- [GestorOdontologico] [JavaFX-Launcher] .s.d.r.c.RepositoryConfigurationDelegate : Finished Spring Data repository scanning in 84 ms. Found 6 JPA repository interfaces.
2025-11-25T08:33:33.448-05:00  INFO 20308 --- [GestorOdontologico] [JavaFX-Launcher] o.hibernate.jpa.internal.util.LogHelper  : HHH000204: Processing PersistenceUnitInfo [name: default]
2025-11-25T08:33:33.549-05:00  INFO 20308 --- [GestorOdontologico] [JavaFX-Launcher] org.hibernate.Version                    : HHH000412: Hibernate ORM core version 6.6.29.Final
2025-11-25T08:33:33.615-05:00  INFO 20308 --- [GestorOdontologico] [JavaFX-Launcher] o.h.c.internal.RegionFactoryInitiator    : HHH000026: Second-level cache disabled
2025-11-25T08:33:34.300-05:00  INFO 20308 --- [GestorOdontologico] [JavaFX-Launcher] o.s.o.j.p.SpringPersistenceUnitInfo      : No LoadTimeWeaver setup: ignoring JPA class transformer
2025-11-25T08:33:34.360-05:00  INFO 20308 --- [GestorOdontologico] [JavaFX-Launcher] com.zaxxer.hikari.HikariDataSource       : HikariPool-1 - Starting...
2025-11-25T08:33:34.611-05:00  INFO 20308 --- [GestorOdontologico] [JavaFX-Launcher] com.zaxxer.hikari.pool.HikariPool        : HikariPool-1 - Added connection org.sqlite.jdbc4.JDBC4Connection@757b9bcb
2025-11-25T08:33:34.614-05:00  INFO 20308 --- [GestorOdontologico] [JavaFX-Launcher] com.zaxxer.hikari.HikariDataSource       : HikariPool-1 - Start completed.
2025-11-25T08:33:34.711-05:00  INFO 20308 --- [GestorOdontologico] [JavaFX-Launcher] org.hibernate.orm.connections.pooling    : HHH10001005: Database info:
	Database JDBC URL [Connecting through datasource 'HikariDataSource (HikariPool-1)']
	Database driver: undefined/unknown
	Database version: 3.46
	Autocommit mode: undefined/unknown
	Isolation level: undefined/unknown
	Minimum pool size: undefined/unknown
	Maximum pool size: undefined/unknown
2025-11-25T08:33:36.373-05:00  INFO 20308 --- [GestorOdontologico] [JavaFX-Launcher] o.h.e.t.j.p.i.JtaPlatformInitiator       : HHH000489: No JTA platform available (set 'hibernate.transaction.jta.platform' to enable JTA platform integration)
2025-11-25T08:33:36.421-05:00  INFO 20308 --- [GestorOdontologico] [JavaFX-Launcher] j.LocalContainerEntityManagerFactoryBean : Initialized JPA EntityManagerFactory for persistence unit 'default'
2025-11-25T08:33:37.058-05:00  INFO 20308 --- [GestorOdontologico] [JavaFX-Launcher] o.s.d.j.r.query.QueryEnhancerFactory     : Hibernate is in classpath; If applicable, HQL parser will be used.
2025-11-25T08:33:37.346-05:00  INFO 20308 --- [GestorOdontologico] [JavaFX-Launcher] o.s.boot.SpringApplication               : Started application in 6.711 seconds (process running for 7.867)
2025-11-25T08:39:56.624-05:00  INFO 20308 --- [GestorOdontologico] [SpringApplicationShutdownHook] j.LocalContainerEntityManagerFactoryBean : Closing JPA EntityManagerFactory for persistence unit 'default'
2025-11-25T08:39:56.634-05:00  INFO 20308 --- [GestorOdontologico] [SpringApplicationShutdownHook] com.zaxxer.hikari.HikariDataSource       : HikariPool-1 - Shutdown initiated...
2025-11-25T08:39:56.643-05:00  INFO 20308 --- [GestorOdontologico] [SpringApplicationShutdownHook] com.zaxxer.hikari.HikariDataSource       : HikariPool-1 - Shutdown completed.
2025-11-25T08:40:05.957-05:00  INFO 1228 --- [GestorOdontologico] [JavaFX-Launcher] o.s.boot.SpringApplication               : Starting application using Java 17.0.16 with PID 1228 (started by brayan in C:\Brayan_POO\C2-G2BRAYAN\GestorOdontologico_color_full)
2025-11-25T08:40:05.963-05:00  INFO 1228 --- [GestorOdontologico] [JavaFX-Launcher] o.s.boot.SpringApplication               : No active profile set, falling back to 1 default profile: "default"
2025-11-25T08:40:07.324-05:00  INFO 1228 --- [GestorOdontologico] [JavaFX-Launcher] .s.d.r.c.RepositoryConfigurationDelegate : Bootstrapping Spring Data JPA repositories in DEFAULT mode.
2025-11-25T08:40:07.493-05:00  INFO 1228 --- [GestorOdontologico] [JavaFX-Launcher] .s.d.r.c.RepositoryConfigurationDelegate : Finished Spring Data repository scanning in 147 ms. Found 6 JPA repository interfaces.
2025-11-25T08:40:08.165-05:00  INFO 1228 --- [GestorOdontologico] [JavaFX-Launcher] o.hibernate.jpa.internal.util.LogHelper  : HHH000204: Processing PersistenceUnitInfo [name: default]
2025-11-25T08:40:08.237-05:00  INFO 1228 --- [GestorOdontologico] [JavaFX-Launcher] org.hibernate.Version                    : HHH000412: Hibernate ORM core version 6.6.29.Final
2025-11-25T08:40:08.297-05:00  INFO 1228 --- [GestorOdontologico] [JavaFX-Launcher] o.h.c.internal.RegionFactoryInitiator    : HHH000026: Second-level cache disabled
2025-11-25T08:40:08.905-05:00  INFO 1228 --- [GestorOdontologico] [JavaFX-Launcher] o.s.o.j.p.SpringPersistenceUnitInfo      : No LoadTimeWeaver setup: ignoring JPA class transformer
2025-11-25T08:40:08.982-05:00  INFO 1228 --- [GestorOdontologico] [JavaFX-Launcher] com.zaxxer.hikari.HikariDataSource       : HikariPool-1 - Starting...
2025-11-25T08:40:09.223-05:00  INFO 1228 --- [GestorOdontologico] [JavaFX-Launcher] com.zaxxer.hikari.pool.HikariPool        : HikariPool-1 - Added connection org.sqlite.jdbc4.JDBC4Connection@43926d66
2025-11-25T08:40:09.231-05:00  INFO 1228 --- [GestorOdontologico] [JavaFX-Launcher] com.zaxxer.hikari.HikariDataSource       : HikariPool-1 - Start completed.
2025-11-25T08:40:09.276-05:00  INFO 1228 --- [GestorOdontologico] [JavaFX-Launcher] org.hibernate.orm.connections.pooling    : HHH10001005: Database info:
	Database JDBC URL [Connecting through datasource 'HikariDataSource (HikariPool-1)']
	Database driver: undefined/unknown
	Database version: 3.46
	Autocommit mode: undefined/unknown
	Isolation level: undefined/unknown
	Minimum pool size: undefined/unknown
	Maximum pool size: undefined/unknown
2025-11-25T08:40:10.875-05:00  INFO 1228 --- [GestorOdontologico] [JavaFX-Launcher] o.h.e.t.j.p.i.JtaPlatformInitiator       : HHH000489: No JTA platform available (set 'hibernate.transaction.jta.platform' to enable JTA platform integration)
2025-11-25T08:40:10.936-05:00  INFO 1228 --- [GestorOdontologico] [JavaFX-Launcher] j.LocalContainerEntityManagerFactoryBean : Initialized JPA EntityManagerFactory for persistence unit 'default'
2025-11-25T08:40:11.553-05:00  INFO 1228 --- [GestorOdontologico] [JavaFX-Launcher] o.s.d.j.r.query.QueryEnhancerFactory     : Hibernate is in classpath; If applicable, HQL parser will be used.
2025-11-25T08:40:11.808-05:00  INFO 1228 --- [GestorOdontologico] [JavaFX-Launcher] o.s.boot.SpringApplication               : Started application in 6.829 seconds (process running for 8.126)
2025-11-25T08:43:47.225-05:00  INFO 1228 --- [GestorOdontologico] [SpringApplicationShutdownHook] j.LocalContainerEntityManagerFactoryBean : Closing JPA EntityManagerFactory for persistence unit 'default'
2025-11-25T08:43:47.231-05:00  INFO 1228 --- [GestorOdontologico] [SpringApplicationShutdownHook] com.zaxxer.hikari.HikariDataSource       : HikariPool-1 - Shutdown initiated...
2025-11-25T08:43:47.239-05:00  INFO 1228 --- [GestorOdontologico] [SpringApplicationShutdownHook] com.zaxxer.hikari.HikariDataSource       : HikariPool-1 - Shutdown completed.
2025-11-25T08:43:52.302-05:00  INFO 23172 --- [GestorOdontologico] [JavaFX-Launcher] o.s.boot.SpringApplication               : Starting application using Java 17.0.16 with PID 23172 (started by brayan in C:\Brayan_POO\C2-G2BRAYAN\GestorOdontologico_color_full)
2025-11-25T08:43:52.307-05:00  INFO 23172 --- [GestorOdontologico] [JavaFX-Launcher] o.s.boot.SpringApplication               : No active profile set, falling back to 1 default profile: "default"
2025-11-25T08:43:53.730-05:00  INFO 23172 --- [GestorOdontologico] [JavaFX-Launcher] .s.d.r.c.RepositoryConfigurationDelegate : Bootstrapping Spring Data JPA repositories in DEFAULT mode.
2025-11-25T08:43:53.869-05:00  INFO 23172 --- [GestorOdontologico] [JavaFX-Launcher] .s.d.r.c.RepositoryConfigurationDelegate : Finished Spring Data repository scanning in 123 ms. Found 6 JPA repository interfaces.
2025-11-25T08:43:54.473-05:00  INFO 23172 --- [GestorOdontologico] [JavaFX-Launcher] o.hibernate.jpa.internal.util.LogHelper  : HHH000204: Processing PersistenceUnitInfo [name: default]
2025-11-25T08:43:54.561-05:00  INFO 23172 --- [GestorOdontologico] [JavaFX-Launcher] org.hibernate.Version                    : HHH000412: Hibernate ORM core version 6.6.29.Final
2025-11-25T08:43:54.658-05:00  INFO 23172 --- [GestorOdontologico] [JavaFX-Launcher] o.h.c.internal.RegionFactoryInitiator    : HHH000026: Second-level cache disabled
2025-11-25T08:43:55.331-05:00  INFO 23172 --- [GestorOdontologico] [JavaFX-Launcher] o.s.o.j.p.SpringPersistenceUnitInfo      : No LoadTimeWeaver setup: ignoring JPA class transformer
2025-11-25T08:43:55.392-05:00  INFO 23172 --- [GestorOdontologico] [JavaFX-Launcher] com.zaxxer.hikari.HikariDataSource       : HikariPool-1 - Starting...
2025-11-25T08:43:55.643-05:00  INFO 23172 --- [GestorOdontologico] [JavaFX-Launcher] com.zaxxer.hikari.pool.HikariPool        : HikariPool-1 - Added connection org.sqlite.jdbc4.JDBC4Connection@4b53494f
2025-11-25T08:43:55.646-05:00  INFO 23172 --- [GestorOdontologico] [JavaFX-Launcher] com.zaxxer.hikari.HikariDataSource       : HikariPool-1 - Start completed.
2025-11-25T08:43:55.719-05:00  INFO 23172 --- [GestorOdontologico] [JavaFX-Launcher] org.hibernate.orm.connections.pooling    : HHH10001005: Database info:
	Database JDBC URL [Connecting through datasource 'HikariDataSource (HikariPool-1)']
	Database driver: undefined/unknown
	Database version: 3.46
	Autocommit mode: undefined/unknown
	Isolation level: undefined/unknown
	Minimum pool size: undefined/unknown
	Maximum pool size: undefined/unknown
2025-11-25T08:43:57.356-05:00  INFO 23172 --- [GestorOdontologico] [JavaFX-Launcher] o.h.e.t.j.p.i.JtaPlatformInitiator       : HHH000489: No JTA platform available (set 'hibernate.transaction.jta.platform' to enable JTA platform integration)
2025-11-25T08:43:57.412-05:00  INFO 23172 --- [GestorOdontologico] [JavaFX-Launcher] j.LocalContainerEntityManagerFactoryBean : Initialized JPA EntityManagerFactory for persistence unit 'default'
2025-11-25T08:43:58.020-05:00  INFO 23172 --- [GestorOdontologico] [JavaFX-Launcher] o.s.d.j.r.query.QueryEnhancerFactory     : Hibernate is in classpath; If applicable, HQL parser will be used.
2025-11-25T08:43:58.310-05:00  INFO 23172 --- [GestorOdontologico] [JavaFX-Launcher] o.s.boot.SpringApplication               : Started application in 6.841 seconds (process running for 8.262)
2025-11-25T08:48:23.819-05:00  INFO 20420 --- [GestorOdontologico] [JavaFX-Launcher] o.s.boot.SpringApplication               : Starting application using Java 24.0.2 with PID 20420 (started by ASUS Vivobook in C:\Users\ASUS Vivobook\Downloads\GestorOdontologico_color_full)
2025-11-25T08:48:23.821-05:00  INFO 20420 --- [GestorOdontologico] [JavaFX-Launcher] o.s.boot.SpringApplication               : No active profile set, falling back to 1 default profile: "default"
2025-11-25T08:48:24.556-05:00  INFO 20420 --- [GestorOdontologico] [JavaFX-Launcher] .s.d.r.c.RepositoryConfigurationDelegate : Bootstrapping Spring Data JPA repositories in DEFAULT mode.
2025-11-25T08:48:24.645-05:00  INFO 20420 --- [GestorOdontologico] [JavaFX-Launcher] .s.d.r.c.RepositoryConfigurationDelegate : Finished Spring Data repository scanning in 78 ms. Found 6 JPA repository interfaces.
2025-11-25T08:48:25.013-05:00  INFO 20420 --- [GestorOdontologico] [JavaFX-Launcher] o.hibernate.jpa.internal.util.LogHelper  : HHH000204: Processing PersistenceUnitInfo [name: default]
2025-11-25T08:48:25.071-05:00  INFO 20420 --- [GestorOdontologico] [JavaFX-Launcher] org.hibernate.Version                    : HHH000412: Hibernate ORM core version 6.6.29.Final
2025-11-25T08:48:25.108-05:00  INFO 20420 --- [GestorOdontologico] [JavaFX-Launcher] o.h.c.internal.RegionFactoryInitiator    : HHH000026: Second-level cache disabled
2025-11-25T08:48:25.447-05:00  INFO 20420 --- [GestorOdontologico] [JavaFX-Launcher] o.s.o.j.p.SpringPersistenceUnitInfo      : No LoadTimeWeaver setup: ignoring JPA class transformer
2025-11-25T08:48:25.482-05:00  INFO 20420 --- [GestorOdontologico] [JavaFX-Launcher] com.zaxxer.hikari.HikariDataSource       : HikariPool-1 - Starting...
2025-11-25T08:48:25.605-05:00  INFO 20420 --- [GestorOdontologico] [JavaFX-Launcher] com.zaxxer.hikari.pool.HikariPool        : HikariPool-1 - Added connection org.sqlite.jdbc4.JDBC4Connection@498a69f3
2025-11-25T08:48:25.607-05:00  INFO 20420 --- [GestorOdontologico] [JavaFX-Launcher] com.zaxxer.hikari.HikariDataSource       : HikariPool-1 - Start completed.
2025-11-25T08:48:25.649-05:00  INFO 20420 --- [GestorOdontologico] [JavaFX-Launcher] org.hibernate.orm.connections.pooling    : HHH10001005: Database info:
	Database JDBC URL [Connecting through datasource 'HikariDataSource (HikariPool-1)']
	Database driver: undefined/unknown
	Database version: 3.46
	Autocommit mode: undefined/unknown
	Isolation level: undefined/unknown
	Minimum pool size: undefined/unknown
	Maximum pool size: undefined/unknown
2025-11-25T08:48:26.678-05:00  INFO 20420 --- [GestorOdontologico] [JavaFX-Launcher] o.h.e.t.j.p.i.JtaPlatformInitiator       : HHH000489: No JTA platform available (set 'hibernate.transaction.jta.platform' to enable JTA platform integration)
2025-11-25T08:48:26.714-05:00  INFO 20420 --- [GestorOdontologico] [JavaFX-Launcher] j.LocalContainerEntityManagerFactoryBean : Initialized JPA EntityManagerFactory for persistence unit 'default'
2025-11-25T08:48:27.117-05:00  INFO 20420 --- [GestorOdontologico] [JavaFX-Launcher] o.s.d.j.r.query.QueryEnhancerFactory     : Hibernate is in classpath; If applicable, HQL parser will be used.
2025-11-25T08:48:27.312-05:00  INFO 20420 --- [GestorOdontologico] [JavaFX-Launcher] o.s.boot.SpringApplication               : Started application in 4.025 seconds (process running for 4.944)
2025-11-25T08:51:31.473-05:00  INFO 20420 --- [GestorOdontologico] [SpringApplicationShutdownHook] j.LocalContainerEntityManagerFactoryBean : Closing JPA EntityManagerFactory for persistence unit 'default'
2025-11-25T08:51:31.479-05:00  INFO 20420 --- [GestorOdontologico] [SpringApplicationShutdownHook] com.zaxxer.hikari.HikariDataSource       : HikariPool-1 - Shutdown initiated...
2025-11-25T08:51:31.484-05:00  INFO 20420 --- [GestorOdontologico] [SpringApplicationShutdownHook] com.zaxxer.hikari.HikariDataSource       : HikariPool-1 - Shutdown completed.
2025-11-25T08:51:49.004-05:00  INFO 14140 --- [GestorOdontologico] [JavaFX-Launcher] o.s.boot.SpringApplication               : Starting application using Java 24.0.2 with PID 14140 (started by ASUS Vivobook in C:\Users\ASUS Vivobook\Downloads\GestorOdontologico_color_full)
2025-11-25T08:51:49.008-05:00  INFO 14140 --- [GestorOdontologico] [JavaFX-Launcher] o.s.boot.SpringApplication               : No active profile set, falling back to 1 default profile: "default"
2025-11-25T08:51:49.989-05:00  INFO 14140 --- [GestorOdontologico] [JavaFX-Launcher] .s.d.r.c.RepositoryConfigurationDelegate : Bootstrapping Spring Data JPA repositories in DEFAULT mode.
2025-11-25T08:51:50.116-05:00  INFO 14140 --- [GestorOdontologico] [JavaFX-Launcher] .s.d.r.c.RepositoryConfigurationDelegate : Finished Spring Data repository scanning in 113 ms. Found 6 JPA repository interfaces.
2025-11-25T08:51:50.593-05:00  INFO 14140 --- [GestorOdontologico] [JavaFX-Launcher] o.hibernate.jpa.internal.util.LogHelper  : HHH000204: Processing PersistenceUnitInfo [name: default]
2025-11-25T08:51:50.666-05:00  INFO 14140 --- [GestorOdontologico] [JavaFX-Launcher] org.hibernate.Version                    : HHH000412: Hibernate ORM core version 6.6.29.Final
2025-11-25T08:51:50.721-05:00  INFO 14140 --- [GestorOdontologico] [JavaFX-Launcher] o.h.c.internal.RegionFactoryInitiator    : HHH000026: Second-level cache disabled
2025-11-25T08:51:51.165-05:00  INFO 14140 --- [GestorOdontologico] [JavaFX-Launcher] o.s.o.j.p.SpringPersistenceUnitInfo      : No LoadTimeWeaver setup: ignoring JPA class transformer
2025-11-25T08:51:51.211-05:00  INFO 14140 --- [GestorOdontologico] [JavaFX-Launcher] com.zaxxer.hikari.HikariDataSource       : HikariPool-1 - Starting...
2025-11-25T08:51:51.367-05:00  INFO 14140 --- [GestorOdontologico] [JavaFX-Launcher] com.zaxxer.hikari.pool.HikariPool        : HikariPool-1 - Added connection org.sqlite.jdbc4.JDBC4Connection@517b272d
2025-11-25T08:51:51.371-05:00  INFO 14140 --- [GestorOdontologico] [JavaFX-Launcher] com.zaxxer.hikari.HikariDataSource       : HikariPool-1 - Start completed.
2025-11-25T08:51:51.453-05:00  INFO 14140 --- [GestorOdontologico] [JavaFX-Launcher] org.hibernate.orm.connections.pooling    : HHH10001005: Database info:
	Database JDBC URL [Connecting through datasource 'HikariDataSource (HikariPool-1)']
	Database driver: undefined/unknown
	Database version: 3.46
	Autocommit mode: undefined/unknown
	Isolation level: undefined/unknown
	Minimum pool size: undefined/unknown
	Maximum pool size: undefined/unknown
2025-11-25T08:51:52.894-05:00  INFO 14140 --- [GestorOdontologico] [JavaFX-Launcher] o.h.e.t.j.p.i.JtaPlatformInitiator       : HHH000489: No JTA platform available (set 'hibernate.transaction.jta.platform' to enable JTA platform integration)
2025-11-25T08:51:52.942-05:00  INFO 14140 --- [GestorOdontologico] [JavaFX-Launcher] j.LocalContainerEntityManagerFactoryBean : Initialized JPA EntityManagerFactory for persistence unit 'default'
2025-11-25T08:51:53.469-05:00  INFO 14140 --- [GestorOdontologico] [JavaFX-Launcher] o.s.d.j.r.query.QueryEnhancerFactory     : Hibernate is in classpath; If applicable, HQL parser will be used.
2025-11-25T08:51:53.716-05:00  INFO 14140 --- [GestorOdontologico] [JavaFX-Launcher] o.s.boot.SpringApplication               : Started application in 5.415 seconds (process running for 6.723)
2025-11-25T08:51:58.758-05:00  INFO 14140 --- [GestorOdontologico] [JavaFX Application Thread] j.LocalContainerEntityManagerFactoryBean : Closing JPA EntityManagerFactory for persistence unit 'default'
2025-11-25T08:51:58.767-05:00  INFO 14140 --- [GestorOdontologico] [JavaFX Application Thread] com.zaxxer.hikari.HikariDataSource       : HikariPool-1 - Shutdown initiated...
2025-11-25T08:51:58.788-05:00  INFO 14140 --- [GestorOdontologico] [JavaFX Application Thread] com.zaxxer.hikari.HikariDataSource       : HikariPool-1 - Shutdown completed.
2025-11-25T08:54:16.475-05:00  INFO 22532 --- [GestorOdontologico] [JavaFX-Launcher] o.s.boot.SpringApplication               : Starting application using Java 24.0.2 with PID 22532 (started by ASUS Vivobook in C:\Users\ASUS Vivobook\Downloads\GestorOdontologico_color_full)
2025-11-25T08:54:16.478-05:00  INFO 22532 --- [GestorOdontologico] [JavaFX-Launcher] o.s.boot.SpringApplication               : No active profile set, falling back to 1 default profile: "default"
2025-11-25T08:54:17.443-05:00  INFO 22532 --- [GestorOdontologico] [JavaFX-Launcher] .s.d.r.c.RepositoryConfigurationDelegate : Bootstrapping Spring Data JPA repositories in DEFAULT mode.
2025-11-25T08:54:17.560-05:00  INFO 22532 --- [GestorOdontologico] [JavaFX-Launcher] .s.d.r.c.RepositoryConfigurationDelegate : Finished Spring Data repository scanning in 104 ms. Found 6 JPA repository interfaces.
2025-11-25T08:54:18.034-05:00  INFO 22532 --- [GestorOdontologico] [JavaFX-Launcher] o.hibernate.jpa.internal.util.LogHelper  : HHH000204: Processing PersistenceUnitInfo [name: default]
2025-11-25T08:54:18.111-05:00  INFO 22532 --- [GestorOdontologico] [JavaFX-Launcher] org.hibernate.Version                    : HHH000412: Hibernate ORM core version 6.6.29.Final
2025-11-25T08:54:18.160-05:00  INFO 22532 --- [GestorOdontologico] [JavaFX-Launcher] o.h.c.internal.RegionFactoryInitiator    : HHH000026: Second-level cache disabled
2025-11-25T08:54:18.589-05:00  INFO 22532 --- [GestorOdontologico] [JavaFX-Launcher] o.s.o.j.p.SpringPersistenceUnitInfo      : No LoadTimeWeaver setup: ignoring JPA class transformer
2025-11-25T08:54:18.636-05:00  INFO 22532 --- [GestorOdontologico] [JavaFX-Launcher] com.zaxxer.hikari.HikariDataSource       : HikariPool-1 - Starting...
2025-11-25T08:54:18.753-05:00  INFO 22532 --- [GestorOdontologico] [JavaFX-Launcher] com.zaxxer.hikari.pool.HikariPool        : HikariPool-1 - Added connection org.sqlite.jdbc4.JDBC4Connection@4e030802
2025-11-25T08:54:18.755-05:00  INFO 22532 --- [GestorOdontologico] [JavaFX-Launcher] com.zaxxer.hikari.HikariDataSource       : HikariPool-1 - Start completed.
2025-11-25T08:54:18.811-05:00  INFO 22532 --- [GestorOdontologico] [JavaFX-Launcher] org.hibernate.orm.connections.pooling    : HHH10001005: Database info:
	Database JDBC URL [Connecting through datasource 'HikariDataSource (HikariPool-1)']
	Database driver: undefined/unknown
	Database version: 3.46
	Autocommit mode: undefined/unknown
	Isolation level: undefined/unknown
	Minimum pool size: undefined/unknown
	Maximum pool size: undefined/unknown
2025-11-25T08:54:20.120-05:00  INFO 22532 --- [GestorOdontologico] [JavaFX-Launcher] o.h.e.t.j.p.i.JtaPlatformInitiator       : HHH000489: No JTA platform available (set 'hibernate.transaction.jta.platform' to enable JTA platform integration)
2025-11-25T08:54:20.167-05:00  INFO 22532 --- [GestorOdontologico] [JavaFX-Launcher] j.LocalContainerEntityManagerFactoryBean : Initialized JPA EntityManagerFactory for persistence unit 'default'
2025-11-25T08:54:20.695-05:00  INFO 22532 --- [GestorOdontologico] [JavaFX-Launcher] o.s.d.j.r.query.QueryEnhancerFactory     : Hibernate is in classpath; If applicable, HQL parser will be used.
2025-11-25T08:54:20.962-05:00  INFO 22532 --- [GestorOdontologico] [JavaFX-Launcher] o.s.boot.SpringApplication               : Started application in 5.155 seconds (process running for 6.386)
2025-11-25T08:54:23.960-05:00  INFO 22532 --- [GestorOdontologico] [JavaFX Application Thread] j.LocalContainerEntityManagerFactoryBean : Closing JPA EntityManagerFactory for persistence unit 'default'
2025-11-25T08:54:23.963-05:00  INFO 22532 --- [GestorOdontologico] [JavaFX Application Thread] com.zaxxer.hikari.HikariDataSource       : HikariPool-1 - Shutdown initiated...
2025-11-25T08:54:23.971-05:00  INFO 22532 --- [GestorOdontologico] [JavaFX Application Thread] com.zaxxer.hikari.HikariDataSource       : HikariPool-1 - Shutdown completed.
2025-11-25T09:28:56.031-05:00  INFO 10680 --- [GestorOdontologico] [JavaFX-Launcher] o.s.boot.SpringApplication               : Starting application using Java 24.0.2 with PID 10680 (started by ASUS Vivobook in C:\Users\ASUS Vivobook\Downloads\GestorOdontologico_color_full)
2025-11-25T09:28:56.036-05:00  INFO 10680 --- [GestorOdontologico] [JavaFX-Launcher] o.s.boot.SpringApplication               : No active profile set, falling back to 1 default profile: "default"
2025-11-25T09:28:56.961-05:00  INFO 10680 --- [GestorOdontologico] [JavaFX-Launcher] .s.d.r.c.RepositoryConfigurationDelegate : Bootstrapping Spring Data JPA repositories in DEFAULT mode.
2025-11-25T09:28:57.085-05:00  INFO 10680 --- [GestorOdontologico] [JavaFX-Launcher] .s.d.r.c.RepositoryConfigurationDelegate : Finished Spring Data repository scanning in 107 ms. Found 6 JPA repository interfaces.
2025-11-25T09:28:57.562-05:00  INFO 10680 --- [GestorOdontologico] [JavaFX-Launcher] o.hibernate.jpa.internal.util.LogHelper  : HHH000204: Processing PersistenceUnitInfo [name: default]
2025-11-25T09:28:57.639-05:00  INFO 10680 --- [GestorOdontologico] [JavaFX-Launcher] org.hibernate.Version                    : HHH000412: Hibernate ORM core version 6.6.29.Final
2025-11-25T09:28:57.687-05:00  INFO 10680 --- [GestorOdontologico] [JavaFX-Launcher] o.h.c.internal.RegionFactoryInitiator    : HHH000026: Second-level cache disabled
2025-11-25T09:28:58.115-05:00  INFO 10680 --- [GestorOdontologico] [JavaFX-Launcher] o.s.o.j.p.SpringPersistenceUnitInfo      : No LoadTimeWeaver setup: ignoring JPA class transformer
2025-11-25T09:28:58.158-05:00  INFO 10680 --- [GestorOdontologico] [JavaFX-Launcher] com.zaxxer.hikari.HikariDataSource       : HikariPool-1 - Starting...
2025-11-25T09:28:58.322-05:00  INFO 10680 --- [GestorOdontologico] [JavaFX-Launcher] com.zaxxer.hikari.pool.HikariPool        : HikariPool-1 - Added connection org.sqlite.jdbc4.JDBC4Connection@34259918
2025-11-25T09:28:58.324-05:00  INFO 10680 --- [GestorOdontologico] [JavaFX-Launcher] com.zaxxer.hikari.HikariDataSource       : HikariPool-1 - Start completed.
2025-11-25T09:28:58.381-05:00  INFO 10680 --- [GestorOdontologico] [JavaFX-Launcher] org.hibernate.orm.connections.pooling    : HHH10001005: Database info:
	Database JDBC URL [Connecting through datasource 'HikariDataSource (HikariPool-1)']
	Database driver: undefined/unknown
	Database version: 3.46
	Autocommit mode: undefined/unknown
	Isolation level: undefined/unknown
	Minimum pool size: undefined/unknown
	Maximum pool size: undefined/unknown
2025-11-25T09:28:59.703-05:00  INFO 10680 --- [GestorOdontologico] [JavaFX-Launcher] o.h.e.t.j.p.i.JtaPlatformInitiator       : HHH000489: No JTA platform available (set 'hibernate.transaction.jta.platform' to enable JTA platform integration)
2025-11-25T09:28:59.752-05:00  INFO 10680 --- [GestorOdontologico] [JavaFX-Launcher] j.LocalContainerEntityManagerFactoryBean : Initialized JPA EntityManagerFactory for persistence unit 'default'
2025-11-25T09:29:00.276-05:00  INFO 10680 --- [GestorOdontologico] [JavaFX-Launcher] o.s.d.j.r.query.QueryEnhancerFactory     : Hibernate is in classpath; If applicable, HQL parser will be used.
2025-11-25T09:29:00.521-05:00  INFO 10680 --- [GestorOdontologico] [JavaFX-Launcher] o.s.boot.SpringApplication               : Started application in 5.158 seconds (process running for 6.432)
2025-11-25T09:30:04.934-05:00  INFO 10680 --- [GestorOdontologico] [JavaFX Application Thread] j.LocalContainerEntityManagerFactoryBean : Closing JPA EntityManagerFactory for persistence unit 'default'
2025-11-25T09:30:04.939-05:00  INFO 10680 --- [GestorOdontologico] [JavaFX Application Thread] com.zaxxer.hikari.HikariDataSource       : HikariPool-1 - Shutdown initiated...
2025-11-25T09:30:04.954-05:00  INFO 10680 --- [GestorOdontologico] [JavaFX Application Thread] com.zaxxer.hikari.HikariDataSource       : HikariPool-1 - Shutdown completed.
2025-11-25T10:26:31.323-05:00  INFO 24852 --- [GestorOdontologico] [JavaFX-Launcher] o.s.boot.SpringApplication               : Starting application using Java 17.0.16 with PID 24852 (started by brayan in C:\Brayan_POO\C2-G2BRAYAN\GestorOdontologico_color_full (2)\GestorOdontologico_color_full)
2025-11-25T10:26:31.336-05:00  INFO 24852 --- [GestorOdontologico] [JavaFX-Launcher] o.s.boot.SpringApplication               : No active profile set, falling back to 1 default profile: "default"
2025-11-25T10:26:35.116-05:00  INFO 24852 --- [GestorOdontologico] [JavaFX-Launcher] .s.d.r.c.RepositoryConfigurationDelegate : Bootstrapping Spring Data JPA repositories in DEFAULT mode.
2025-11-25T10:26:35.440-05:00  INFO 24852 --- [GestorOdontologico] [JavaFX-Launcher] .s.d.r.c.RepositoryConfigurationDelegate : Finished Spring Data repository scanning in 286 ms. Found 6 JPA repository interfaces.
2025-11-25T10:26:36.923-05:00  INFO 24852 --- [GestorOdontologico] [JavaFX-Launcher] o.hibernate.jpa.internal.util.LogHelper  : HHH000204: Processing PersistenceUnitInfo [name: default]
2025-11-25T10:26:37.132-05:00  INFO 24852 --- [GestorOdontologico] [JavaFX-Launcher] org.hibernate.Version                    : HHH000412: Hibernate ORM core version 6.6.29.Final
2025-11-25T10:26:37.255-05:00  INFO 24852 --- [GestorOdontologico] [JavaFX-Launcher] o.h.c.internal.RegionFactoryInitiator    : HHH000026: Second-level cache disabled
2025-11-25T10:26:38.357-05:00  INFO 24852 --- [GestorOdontologico] [JavaFX-Launcher] o.s.o.j.p.SpringPersistenceUnitInfo      : No LoadTimeWeaver setup: ignoring JPA class transformer
2025-11-25T10:26:38.494-05:00  INFO 24852 --- [GestorOdontologico] [JavaFX-Launcher] com.zaxxer.hikari.HikariDataSource       : HikariPool-1 - Starting...
2025-11-25T10:26:39.019-05:00  INFO 24852 --- [GestorOdontologico] [JavaFX-Launcher] com.zaxxer.hikari.pool.HikariPool        : HikariPool-1 - Added connection org.sqlite.jdbc4.JDBC4Connection@761bf851
2025-11-25T10:26:39.028-05:00  INFO 24852 --- [GestorOdontologico] [JavaFX-Launcher] com.zaxxer.hikari.HikariDataSource       : HikariPool-1 - Start completed.
2025-11-25T10:26:39.162-05:00  INFO 24852 --- [GestorOdontologico] [JavaFX-Launcher] org.hibernate.orm.connections.pooling    : HHH10001005: Database info:
	Database JDBC URL [Connecting through datasource 'HikariDataSource (HikariPool-1)']
	Database driver: undefined/unknown
	Database version: 3.46
	Autocommit mode: undefined/unknown
	Isolation level: undefined/unknown
	Minimum pool size: undefined/unknown
	Maximum pool size: undefined/unknown
2025-11-25T10:26:43.030-05:00  INFO 24852 --- [GestorOdontologico] [JavaFX-Launcher] o.h.e.t.j.p.i.JtaPlatformInitiator       : HHH000489: No JTA platform available (set 'hibernate.transaction.jta.platform' to enable JTA platform integration)
2025-11-25T10:26:43.139-05:00  INFO 24852 --- [GestorOdontologico] [JavaFX-Launcher] j.LocalContainerEntityManagerFactoryBean : Initialized JPA EntityManagerFactory for persistence unit 'default'
2025-11-25T10:26:44.744-05:00  INFO 24852 --- [GestorOdontologico] [JavaFX-Launcher] o.s.d.j.r.query.QueryEnhancerFactory     : Hibernate is in classpath; If applicable, HQL parser will be used.
2025-11-25T10:26:45.562-05:00  INFO 24852 --- [GestorOdontologico] [JavaFX-Launcher] o.s.boot.SpringApplication               : Started application in 16.753 seconds (process running for 20.483)
2025-11-25T10:27:14.246-05:00  INFO 24852 --- [GestorOdontologico] [JavaFX Application Thread] j.LocalContainerEntityManagerFactoryBean : Closing JPA EntityManagerFactory for persistence unit 'default'
2025-11-25T10:27:14.254-05:00  INFO 24852 --- [GestorOdontologico] [JavaFX Application Thread] com.zaxxer.hikari.HikariDataSource       : HikariPool-1 - Shutdown initiated...
2025-11-25T10:27:14.267-05:00  INFO 24852 --- [GestorOdontologico] [JavaFX Application Thread] com.zaxxer.hikari.HikariDataSource       : HikariPool-1 - Shutdown completed.
2025-11-25T10:38:13.267-05:00  INFO 17580 --- [GestorOdontologico] [JavaFX-Launcher] o.s.boot.SpringApplication               : Starting application using Java 17.0.16 with PID 17580 (started by brayan in C:\Brayan_POO\C2-G2BRAYAN\proyectofinaldegestiondecitas\GestorOdontologico_color_full)
2025-11-25T10:38:13.271-05:00  INFO 17580 --- [GestorOdontologico] [JavaFX-Launcher] o.s.boot.SpringApplication               : No active profile set, falling back to 1 default profile: "default"
2025-11-25T10:38:14.266-05:00  INFO 17580 --- [GestorOdontologico] [JavaFX-Launcher] .s.d.r.c.RepositoryConfigurationDelegate : Bootstrapping Spring Data JPA repositories in DEFAULT mode.
2025-11-25T10:38:14.346-05:00  INFO 17580 --- [GestorOdontologico] [JavaFX-Launcher] .s.d.r.c.RepositoryConfigurationDelegate : Finished Spring Data repository scanning in 68 ms. Found 6 JPA repository interfaces.
2025-11-25T10:38:14.740-05:00  INFO 17580 --- [GestorOdontologico] [JavaFX-Launcher] o.hibernate.jpa.internal.util.LogHelper  : HHH000204: Processing PersistenceUnitInfo [name: default]
2025-11-25T10:38:14.808-05:00  INFO 17580 --- [GestorOdontologico] [JavaFX-Launcher] org.hibernate.Version                    : HHH000412: Hibernate ORM core version 6.6.29.Final
2025-11-25T10:38:14.844-05:00  INFO 17580 --- [GestorOdontologico] [JavaFX-Launcher] o.h.c.internal.RegionFactoryInitiator    : HHH000026: Second-level cache disabled
2025-11-25T10:38:15.179-05:00  INFO 17580 --- [GestorOdontologico] [JavaFX-Launcher] o.s.o.j.p.SpringPersistenceUnitInfo      : No LoadTimeWeaver setup: ignoring JPA class transformer
2025-11-25T10:38:15.215-05:00  INFO 17580 --- [GestorOdontologico] [JavaFX-Launcher] com.zaxxer.hikari.HikariDataSource       : HikariPool-1 - Starting...
2025-11-25T10:38:15.392-05:00  INFO 17580 --- [GestorOdontologico] [JavaFX-Launcher] com.zaxxer.hikari.pool.HikariPool        : HikariPool-1 - Added connection org.sqlite.jdbc4.JDBC4Connection@46389520
2025-11-25T10:38:15.396-05:00  INFO 17580 --- [GestorOdontologico] [JavaFX-Launcher] com.zaxxer.hikari.HikariDataSource       : HikariPool-1 - Start completed.
2025-11-25T10:38:15.456-05:00  INFO 17580 --- [GestorOdontologico] [JavaFX-Launcher] org.hibernate.orm.connections.pooling    : HHH10001005: Database info:
	Database JDBC URL [Connecting through datasource 'HikariDataSource (HikariPool-1)']
	Database driver: undefined/unknown
	Database version: 3.46
	Autocommit mode: undefined/unknown
	Isolation level: undefined/unknown
	Minimum pool size: undefined/unknown
	Maximum pool size: undefined/unknown
2025-11-25T10:38:16.607-05:00  INFO 17580 --- [GestorOdontologico] [JavaFX-Launcher] o.h.e.t.j.p.i.JtaPlatformInitiator       : HHH000489: No JTA platform available (set 'hibernate.transaction.jta.platform' to enable JTA platform integration)
2025-11-25T10:38:16.644-05:00  INFO 17580 --- [GestorOdontologico] [JavaFX-Launcher] j.LocalContainerEntityManagerFactoryBean : Initialized JPA EntityManagerFactory for persistence unit 'default'
2025-11-25T10:38:17.155-05:00  INFO 17580 --- [GestorOdontologico] [JavaFX-Launcher] o.s.d.j.r.query.QueryEnhancerFactory     : Hibernate is in classpath; If applicable, HQL parser will be used.
2025-11-25T10:38:17.398-05:00  INFO 17580 --- [GestorOdontologico] [JavaFX-Launcher] o.s.boot.SpringApplication               : Started application in 4.651 seconds (process running for 5.575)
2025-11-25T10:40:41.860-05:00  INFO 17580 --- [GestorOdontologico] [SpringApplicationShutdownHook] j.LocalContainerEntityManagerFactoryBean : Closing JPA EntityManagerFactory for persistence unit 'default'
2025-11-25T10:40:41.866-05:00  INFO 17580 --- [GestorOdontologico] [SpringApplicationShutdownHook] com.zaxxer.hikari.HikariDataSource       : HikariPool-1 - Shutdown initiated...
2025-11-25T10:40:41.874-05:00  INFO 17580 --- [GestorOdontologico] [SpringApplicationShutdownHook] com.zaxxer.hikari.HikariDataSource       : HikariPool-1 - Shutdown completed.
2025-11-25T10:41:43.885-05:00  INFO 23580 --- [GestorOdontologico] [JavaFX-Launcher] o.s.boot.SpringApplication               : Starting application using Java 17.0.16 with PID 23580 (started by brayan in C:\Brayan_POO\C2-G2BRAYAN\proyectofinaldegestiondecitas\GestorOdontologico_color_full)
2025-11-25T10:41:43.897-05:00  INFO 23580 --- [GestorOdontologico] [JavaFX-Launcher] o.s.boot.SpringApplication               : No active profile set, falling back to 1 default profile: "default"
2025-11-25T10:41:45.306-05:00  INFO 23580 --- [GestorOdontologico] [JavaFX-Launcher] .s.d.r.c.RepositoryConfigurationDelegate : Bootstrapping Spring Data JPA repositories in DEFAULT mode.
2025-11-25T10:41:45.434-05:00  INFO 23580 --- [GestorOdontologico] [JavaFX-Launcher] .s.d.r.c.RepositoryConfigurationDelegate : Finished Spring Data repository scanning in 111 ms. Found 6 JPA repository interfaces.
2025-11-25T10:41:46.118-05:00  INFO 23580 --- [GestorOdontologico] [JavaFX-Launcher] o.hibernate.jpa.internal.util.LogHelper  : HHH000204: Processing PersistenceUnitInfo [name: default]
2025-11-25T10:41:46.200-05:00  INFO 23580 --- [GestorOdontologico] [JavaFX-Launcher] org.hibernate.Version                    : HHH000412: Hibernate ORM core version 6.6.29.Final
2025-11-25T10:41:46.245-05:00  INFO 23580 --- [GestorOdontologico] [JavaFX-Launcher] o.h.c.internal.RegionFactoryInitiator    : HHH000026: Second-level cache disabled
2025-11-25T10:41:46.686-05:00  INFO 23580 --- [GestorOdontologico] [JavaFX-Launcher] o.s.o.j.p.SpringPersistenceUnitInfo      : No LoadTimeWeaver setup: ignoring JPA class transformer
2025-11-25T10:41:46.774-05:00  INFO 23580 --- [GestorOdontologico] [JavaFX-Launcher] com.zaxxer.hikari.HikariDataSource       : HikariPool-1 - Starting...
2025-11-25T10:41:47.064-05:00  INFO 23580 --- [GestorOdontologico] [JavaFX-Launcher] com.zaxxer.hikari.pool.HikariPool        : HikariPool-1 - Added connection org.sqlite.jdbc4.JDBC4Connection@1c280b20
2025-11-25T10:41:47.075-05:00  INFO 23580 --- [GestorOdontologico] [JavaFX-Launcher] com.zaxxer.hikari.HikariDataSource       : HikariPool-1 - Start completed.
2025-11-25T10:41:47.174-05:00  INFO 23580 --- [GestorOdontologico] [JavaFX-Launcher] org.hibernate.orm.connections.pooling    : HHH10001005: Database info:
	Database JDBC URL [Connecting through datasource 'HikariDataSource (HikariPool-1)']
	Database driver: undefined/unknown
	Database version: 3.46
	Autocommit mode: undefined/unknown
	Isolation level: undefined/unknown
	Minimum pool size: undefined/unknown
	Maximum pool size: undefined/unknown
2025-11-25T10:41:48.773-05:00  INFO 23580 --- [GestorOdontologico] [JavaFX-Launcher] o.h.e.t.j.p.i.JtaPlatformInitiator       : HHH000489: No JTA platform available (set 'hibernate.transaction.jta.platform' to enable JTA platform integration)
2025-11-25T10:41:48.837-05:00  INFO 23580 --- [GestorOdontologico] [JavaFX-Launcher] j.LocalContainerEntityManagerFactoryBean : Initialized JPA EntityManagerFactory for persistence unit 'default'
2025-11-25T10:41:49.583-05:00  INFO 23580 --- [GestorOdontologico] [JavaFX-Launcher] o.s.d.j.r.query.QueryEnhancerFactory     : Hibernate is in classpath; If applicable, HQL parser will be used.
2025-11-25T10:41:49.912-05:00  INFO 23580 --- [GestorOdontologico] [JavaFX-Launcher] o.s.boot.SpringApplication               : Started application in 6.907 seconds (process running for 8.206)
2025-11-25T10:44:30.886-05:00  INFO 23580 --- [GestorOdontologico] [JavaFX Application Thread] j.LocalContainerEntityManagerFactoryBean : Closing JPA EntityManagerFactory for persistence unit 'default'
2025-11-25T10:44:30.895-05:00  INFO 23580 --- [GestorOdontologico] [JavaFX Application Thread] com.zaxxer.hikari.HikariDataSource       : HikariPool-1 - Shutdown initiated...
2025-11-25T10:44:30.902-05:00  INFO 23580 --- [GestorOdontologico] [JavaFX Application Thread] com.zaxxer.hikari.HikariDataSource       : HikariPool-1 - Shutdown completed.
2025-11-25T11:54:38.393-05:00  INFO 2532 --- [GestorOdontologico] [JavaFX-Launcher] o.s.boot.SpringApplication               : Starting application using Java 17.0.16 with PID 2532 (started by brayan in C:\Brayan_POO\C2-G2BRAYAN\proyectofinaldegestiondecitas (1)\proyectofinaldegestiondecitas\GestorOdontologico_color_full)
2025-11-25T11:54:38.396-05:00  INFO 2532 --- [GestorOdontologico] [JavaFX-Launcher] o.s.boot.SpringApplication               : No active profile set, falling back to 1 default profile: "default"
2025-11-25T11:54:40.226-05:00  INFO 2532 --- [GestorOdontologico] [JavaFX-Launcher] .s.d.r.c.RepositoryConfigurationDelegate : Bootstrapping Spring Data JPA repositories in DEFAULT mode.
2025-11-25T11:54:40.397-05:00  INFO 2532 --- [GestorOdontologico] [JavaFX-Launcher] .s.d.r.c.RepositoryConfigurationDelegate : Finished Spring Data repository scanning in 155 ms. Found 6 JPA repository interfaces.
2025-11-25T11:54:40.989-05:00  INFO 2532 --- [GestorOdontologico] [JavaFX-Launcher] o.hibernate.jpa.internal.util.LogHelper  : HHH000204: Processing PersistenceUnitInfo [name: default]
2025-11-25T11:54:41.066-05:00  INFO 2532 --- [GestorOdontologico] [JavaFX-Launcher] org.hibernate.Version                    : HHH000412: Hibernate ORM core version 6.6.29.Final
2025-11-25T11:54:41.108-05:00  INFO 2532 --- [GestorOdontologico] [JavaFX-Launcher] o.h.c.internal.RegionFactoryInitiator    : HHH000026: Second-level cache disabled
2025-11-25T11:54:41.601-05:00  INFO 2532 --- [GestorOdontologico] [JavaFX-Launcher] o.s.o.j.p.SpringPersistenceUnitInfo      : No LoadTimeWeaver setup: ignoring JPA class transformer
2025-11-25T11:54:41.659-05:00  INFO 2532 --- [GestorOdontologico] [JavaFX-Launcher] com.zaxxer.hikari.HikariDataSource       : HikariPool-1 - Starting...
2025-11-25T11:54:41.884-05:00  INFO 2532 --- [GestorOdontologico] [JavaFX-Launcher] com.zaxxer.hikari.pool.HikariPool        : HikariPool-1 - Added connection org.sqlite.jdbc4.JDBC4Connection@5854b43e
2025-11-25T11:54:41.886-05:00  INFO 2532 --- [GestorOdontologico] [JavaFX-Launcher] com.zaxxer.hikari.HikariDataSource       : HikariPool-1 - Start completed.
2025-11-25T11:54:41.945-05:00  INFO 2532 --- [GestorOdontologico] [JavaFX-Launcher] org.hibernate.orm.connections.pooling    : HHH10001005: Database info:
	Database JDBC URL [Connecting through datasource 'HikariDataSource (HikariPool-1)']
	Database driver: undefined/unknown
	Database version: 3.46
	Autocommit mode: undefined/unknown
	Isolation level: undefined/unknown
	Minimum pool size: undefined/unknown
	Maximum pool size: undefined/unknown
2025-11-25T11:54:43.393-05:00  INFO 2532 --- [GestorOdontologico] [JavaFX-Launcher] o.h.e.t.j.p.i.JtaPlatformInitiator       : HHH000489: No JTA platform available (set 'hibernate.transaction.jta.platform' to enable JTA platform integration)
2025-11-25T11:54:43.459-05:00  INFO 2532 --- [GestorOdontologico] [JavaFX-Launcher] j.LocalContainerEntityManagerFactoryBean : Initialized JPA EntityManagerFactory for persistence unit 'default'
2025-11-25T11:54:44.055-05:00  INFO 2532 --- [GestorOdontologico] [JavaFX-Launcher] o.s.d.j.r.query.QueryEnhancerFactory     : Hibernate is in classpath; If applicable, HQL parser will be used.
2025-11-25T11:54:44.356-05:00  INFO 2532 --- [GestorOdontologico] [JavaFX-Launcher] o.s.boot.SpringApplication               : Started application in 6.787 seconds (process running for 8.122)
2025-11-25T11:54:59.547-05:00  INFO 2532 --- [GestorOdontologico] [JavaFX Application Thread] j.LocalContainerEntityManagerFactoryBean : Closing JPA EntityManagerFactory for persistence unit 'default'
2025-11-25T11:54:59.554-05:00  INFO 2532 --- [GestorOdontologico] [JavaFX Application Thread] com.zaxxer.hikari.HikariDataSource       : HikariPool-1 - Shutdown initiated...
2025-11-25T11:54:59.559-05:00  INFO 2532 --- [GestorOdontologico] [JavaFX Application Thread] com.zaxxer.hikari.HikariDataSource       : HikariPool-1 - Shutdown completed.
